Analyzing test...

  error - accessibility_audit_test.dart:3:8 - Target of URI doesn't exist: 'package:verasso/app.dart'. Try creating the file referenced by the URI, or try using a URI for a file that does exist. - uri_does_not_exist
  error - core\services\rate_limit_service_extended_test.dart:31:9 - The name 'RateLimitType' is defined in the libraries 'file:///D:/Games/VERASSO/test/mocks.dart' and 'package:verasso/core/services/rate_limit_service.dart'. Try using 'as prefix' for one of the import directives, or hiding the name from all but one of the imports. - ambiguous_import
  error - core\services\rate_limit_service_extended_test.dart:39:34 - The name 'RateLimitType' is defined in the libraries 'file:///D:/Games/VERASSO/test/mocks.dart' and 'package:verasso/core/services/rate_limit_service.dart'. Try using 'as prefix' for one of the import directives, or hiding the name from all but one of the imports. - ambiguous_import
  error - core\services\rate_limit_service_extended_test.dart:43:34 - The name 'RateLimitType' is defined in the libraries 'file:///D:/Games/VERASSO/test/mocks.dart' and 'package:verasso/core/services/rate_limit_service.dart'. Try using 'as prefix' for one of the import directives, or hiding the name from all but one of the imports. - ambiguous_import
  error - core\services\rate_limit_service_extended_test.dart:50:34 - The name 'RateLimitType' is defined in the libraries 'file:///D:/Games/VERASSO/test/mocks.dart' and 'package:verasso/core/services/rate_limit_service.dart'. Try using 'as prefix' for one of the import directives, or hiding the name from all but one of the imports. - ambiguous_import
  error - core\services\rate_limit_service_extended_test.dart:54:34 - The name 'RateLimitType' is defined in the libraries 'file:///D:/Games/VERASSO/test/mocks.dart' and 'package:verasso/core/services/rate_limit_service.dart'. Try using 'as prefix' for one of the import directives, or hiding the name from all but one of the imports. - ambiguous_import
  error - core\services\rate_limit_service_extended_test.dart:62:34 - The name 'RateLimitType' is defined in the libraries 'file:///D:/Games/VERASSO/test/mocks.dart' and 'package:verasso/core/services/rate_limit_service.dart'. Try using 'as prefix' for one of the import directives, or hiding the name from all but one of the imports. - ambiguous_import
  error - core\services\rate_limit_service_extended_test.dart:73:34 - The name 'RateLimitType' is defined in the libraries 'file:///D:/Games/VERASSO/test/mocks.dart' and 'package:verasso/core/services/rate_limit_service.dart'. Try using 'as prefix' for one of the import directives, or hiding the name from all but one of the imports. - ambiguous_import
  error - core\services\rate_limit_service_extended_test.dart:80:34 - The name 'RateLimitType' is defined in the libraries 'file:///D:/Games/VERASSO/test/mocks.dart' and 'package:verasso/core/services/rate_limit_service.dart'. Try using 'as prefix' for one of the import directives, or hiding the name from all but one of the imports. - ambiguous_import
  error - core\services\rate_limit_service_extended_test.dart:87:34 - The name 'RateLimitType' is defined in the libraries 'file:///D:/Games/VERASSO/test/mocks.dart' and 'package:verasso/core/services/rate_limit_service.dart'. Try using 'as prefix' for one of the import directives, or hiding the name from all but one of the imports. - ambiguous_import
  error - core\services\rate_limit_service_extended_test.dart:96:34 - The name 'RateLimitType' is defined in the libraries 'file:///D:/Games/VERASSO/test/mocks.dart' and 'package:verasso/core/services/rate_limit_service.dart'. Try using 'as prefix' for one of the import directives, or hiding the name from all but one of the imports. - ambiguous_import
  error - core\services\rate_limit_service_extended_test.dart:100:34 - The name 'RateLimitType' is defined in the libraries 'file:///D:/Games/VERASSO/test/mocks.dart' and 'package:verasso/core/services/rate_limit_service.dart'. Try using 'as prefix' for one of the import directives, or hiding the name from all but one of the imports. - ambiguous_import
  error - core\services\rate_limit_service_extended_test.dart:112:9 - The name 'RateLimitType' is defined in the libraries 'file:///D:/Games/VERASSO/test/mocks.dart' and 'package:verasso/core/services/rate_limit_service.dart'. Try using 'as prefix' for one of the import directives, or hiding the name from all but one of the imports. - ambiguous_import
  error - core\services\rate_limit_service_extended_test.dart:127:11 - The name 'RateLimitType' is defined in the libraries 'file:///D:/Games/VERASSO/test/mocks.dart' and 'package:verasso/core/services/rate_limit_service.dart'. Try using 'as prefix' for one of the import directives, or hiding the name from all but one of the imports. - ambiguous_import
  error - core\services\rate_limit_service_extended_test.dart:140:9 - The name 'RateLimitType' is defined in the libraries 'file:///D:/Games/VERASSO/test/mocks.dart' and 'package:verasso/core/services/rate_limit_service.dart'. Try using 'as prefix' for one of the import directives, or hiding the name from all but one of the imports. - ambiguous_import
  error - core\services\rate_limit_service_extended_test.dart:152:9 - The name 'RateLimitType' is defined in the libraries 'file:///D:/Games/VERASSO/test/mocks.dart' and 'package:verasso/core/services/rate_limit_service.dart'. Try using 'as prefix' for one of the import directives, or hiding the name from all but one of the imports. - ambiguous_import
  error - core\services\rate_limit_service_extended_test.dart:163:50 - The name 'RateLimitType' is defined in the libraries 'file:///D:/Games/VERASSO/test/mocks.dart' and 'package:verasso/core/services/rate_limit_service.dart'. Try using 'as prefix' for one of the import directives, or hiding the name from all but one of the imports. - ambiguous_import
  error - core\services\rate_limit_service_extended_test.dart:181:9 - The name 'RateLimitType' is defined in the libraries 'file:///D:/Games/VERASSO/test/mocks.dart' and 'package:verasso/core/services/rate_limit_service.dart'. Try using 'as prefix' for one of the import directives, or hiding the name from all but one of the imports. - ambiguous_import
  error - core\services\rate_limit_service_extended_test.dart:201:48 - The named parameter 'shouldThrow' isn't defined. Try correcting the name to an existing named parameter's name, or defining a named parameter with the name 'shouldThrow'. - undefined_named_parameter
  error - core\services\rate_limit_service_extended_test.dart:206:9 - The named parameter 'shouldThrow' isn't defined. Try correcting the name to an existing named parameter's name, or defining a named parameter with the name 'shouldThrow'. - undefined_named_parameter
  error - core\services\rate_limit_service_extended_test.dart:211:9 - The name 'RateLimitType' is defined in the libraries 'file:///D:/Games/VERASSO/test/mocks.dart' and 'package:verasso/core/services/rate_limit_service.dart'. Try using 'as prefix' for one of the import directives, or hiding the name from all but one of the imports. - ambiguous_import
  error - core\services\rate_limit_service_extended_test.dart:219:48 - The named parameter 'shouldThrow' isn't defined. Try correcting the name to an existing named parameter's name, or defining a named parameter with the name 'shouldThrow'. - undefined_named_parameter
  error - core\services\rate_limit_service_extended_test.dart:224:9 - The name 'RateLimitType' is defined in the libraries 'file:///D:/Games/VERASSO/test/mocks.dart' and 'package:verasso/core/services/rate_limit_service.dart'. Try using 'as prefix' for one of the import directives, or hiding the name from all but one of the imports. - ambiguous_import
  error - core\services\rate_limit_service_test.dart:29:57 - The name 'RateLimitType' is defined in the libraries 'file:///D:/Games/VERASSO/test/mocks.dart' and 'package:verasso/core/services/rate_limit_service.dart'. Try using 'as prefix' for one of the import directives, or hiding the name from all but one of the imports. - ambiguous_import
  error - core\services\rate_limit_service_test.dart:41:57 - The name 'RateLimitType' is defined in the libraries 'file:///D:/Games/VERASSO/test/mocks.dart' and 'package:verasso/core/services/rate_limit_service.dart'. Try using 'as prefix' for one of the import directives, or hiding the name from all but one of the imports. - ambiguous_import
  error - core\services\rate_limit_service_test.dart:49:53 - The name 'RateLimitType' is defined in the libraries 'file:///D:/Games/VERASSO/test/mocks.dart' and 'package:verasso/core/services/rate_limit_service.dart'. Try using 'as prefix' for one of the import directives, or hiding the name from all but one of the imports. - ambiguous_import
  error - core\services\services_test.dart:5:1 - Directives must appear before any declarations. Try moving the directive before any declarations. - directive_after_declaration
  error - core\services\services_test.dart:6:1 - Directives must appear before any declarations. Try moving the directive before any declarations. - directive_after_declaration
  error - core\services\services_test.dart:6:8 - Target of URI doesn't exist: 'package:verasso/core/services/logger_service.dart'. Try creating the file referenced by the URI, or try using a URI for a file that does exist. - uri_does_not_exist
  error - core\services\services_test.dart:7:1 - Directives must appear before any declarations. Try moving the directive before any declarations. - directive_after_declaration
  error - core\services\services_test.dart:7:8 - Target of URI doesn't exist: 'package:verasso/core/services/crash_reporting_service.dart'. Try creating the file referenced by the URI, or try using a URI for a file that does exist. - uri_does_not_exist
  error - core\services\services_test.dart:8:1 - Directives must appear before any declarations. Try moving the directive before any declarations. - directive_after_declaration
  error - core\services\services_test.dart:8:8 - Target of URI doesn't exist: 'package:verasso/core/services/analytics_service.dart'. Try creating the file referenced by the URI, or try using a URI for a file that does exist. - uri_does_not_exist
  error - core\services\services_test.dart:20:14 - The method 'info' isn't defined for the type 'LoggerService'. Try correcting the name to the name of an existing method, or defining a method named 'info'. - undefined_method
  error - core\services\services_test.dart:21:21 - The getter 'lastMessage' isn't defined for the type 'LoggerService'. Try importing the library that defines 'lastMessage', correcting the name to the name of an existing getter, or defining a getter or field named 'lastMessage'. - undefined_getter
  error - core\services\services_test.dart:26:14 - The method 'warning' isn't defined for the type 'LoggerService'. Try correcting the name to the name of an existing method, or defining a method named 'warning'. - undefined_method
  error - core\services\services_test.dart:27:21 - The getter 'lastLevel' isn't defined for the type 'LoggerService'. Try importing the library that defines 'lastLevel', correcting the name to the name of an existing getter, or defining a getter or field named 'lastLevel'. - undefined_getter
  error - core\services\services_test.dart:32:14 - The method 'error' isn't defined for the type 'LoggerService'. Try correcting the name to the name of an existing method, or defining a method named 'error'. - undefined_method
  error - core\services\services_test.dart:33:21 - The getter 'lastException' isn't defined for the type 'LoggerService'. Try importing the library that defines 'lastException', correcting the name to the name of an existing getter, or defining a getter or field named 'lastException'. - undefined_getter
  error - core\services\services_test.dart:37:14 - The method 'setDebugMode' isn't defined for the type 'LoggerService'. Try correcting the name to the name of an existing method, or defining a method named 'setDebugMode'. - undefined_method
  error - core\services\services_test.dart:38:14 - The method 'debug' isn't defined for the type 'LoggerService'. Try correcting the name to the name of an existing method, or defining a method named 'debug'. - undefined_method
  error - core\services\services_test.dart:39:21 - The getter 'isDebugMode' isn't defined for the type 'LoggerService'. Try importing the library that defines 'isDebugMode', correcting the name to the name of an existing getter, or defining a getter or field named 'isDebugMode'. - undefined_getter
  error - core\services\services_test.dart:43:14 - The method 'info' isn't defined for the type 'LoggerService'. Try correcting the name to the name of an existing method, or defining a method named 'info'. - undefined_method
  error - core\services\services_test.dart:44:14 - The method 'info' isn't defined for the type 'LoggerService'. Try correcting the name to the name of an existing method, or defining a method named 'info'. - undefined_method
  error - core\services\services_test.dart:45:14 - The method 'clearLogs' isn't defined for the type 'LoggerService'. Try correcting the name to the name of an existing method, or defining a method named 'clearLogs'. - undefined_method
  error - core\services\services_test.dart:46:21 - The getter 'logCount' isn't defined for the type 'LoggerService'. Try importing the library that defines 'logCount', correcting the name to the name of an existing getter, or defining a getter or field named 'logCount'. - undefined_getter
  error - core\services\services_test.dart:50:14 - The method 'info' isn't defined for the type 'LoggerService'. Try correcting the name to the name of an existing method, or defining a method named 'info'. - undefined_method
  error - core\services\services_test.dart:51:14 - The method 'warning' isn't defined for the type 'LoggerService'. Try correcting the name to the name of an existing method, or defining a method named 'warning'. - undefined_method
  error - core\services\services_test.dart:52:14 - The method 'error' isn't defined for the type 'LoggerService'. Try correcting the name to the name of an existing method, or defining a method named 'error'. - undefined_method
  error - core\services\services_test.dart:54:31 - The method 'getLogsByLevel' isn't defined for the type 'LoggerService'. Try correcting the name to the name of an existing method, or defining a method named 'getLogsByLevel'. - undefined_method
  error - core\services\services_test.dart:60:14 - The method 'info' isn't defined for the type 'LoggerService'. Try correcting the name to the name of an existing method, or defining a method named 'info'. - undefined_method
  error - core\services\services_test.dart:63:21 - The getter 'lastTimestamp' isn't defined for the type 'LoggerService'. Try importing the library that defines 'lastTimestamp', correcting the name to the name of an existing getter, or defining a getter or field named 'lastTimestamp'. - undefined_getter
  error - core\services\services_test.dart:64:21 - The getter 'lastTimestamp' isn't defined for the type 'LoggerService'. Try importing the library that defines 'lastTimestamp', correcting the name to the name of an existing getter, or defining a getter or field named 'lastTimestamp'. - undefined_getter
  error - core\services\services_test.dart:79:21 - The method 'reportCrash' isn't defined for the type 'CrashReportingService'. Try correcting the name to the name of an existing method, or defining a method named 'reportCrash'. - undefined_method
  error - core\services\services_test.dart:80:28 - The getter 'crashCount' isn't defined for the type 'CrashReportingService'. Try importing the library that defines 'crashCount', correcting the name to the name of an existing getter, or defining a getter or field named 'crashCount'. - undefined_getter
  error - core\services\services_test.dart:84:21 - The method 'setUserContext' isn't defined for the type 'CrashReportingService'. Try correcting the name to the name of an existing method, or defining a method named 'setUserContext'. - undefined_method
  error - core\services\services_test.dart:85:21 - The method 'reportCrash' isn't defined for the type 'CrashReportingService'. Try correcting the name to the name of an existing method, or defining a method named 'reportCrash'. - undefined_method
  error - core\services\services_test.dart:87:28 - The getter 'lastUserId' isn't defined for the type 'CrashReportingService'. Try importing the library that defines 'lastUserId', correcting the name to the name of an existing getter, or defining a getter or field named 'lastUserId'. - undefined_getter
  error - core\services\services_test.dart:91:21 - The method 'addBreadcrumb' isn't defined for the type 'CrashReportingService'. Try correcting the name to the name of an existing method, or defining a method named 'addBreadcrumb'. - undefined_method
  error - core\services\services_test.dart:92:21 - The method 'addBreadcrumb' isn't defined for the type 'CrashReportingService'. Try correcting the name to the name of an existing method, or defining a method named 'addBreadcrumb'. - undefined_method
  error - core\services\services_test.dart:94:21 - The method 'reportCrash' isn't defined for the type 'CrashReportingService'. Try correcting the name to the name of an existing method, or defining a method named 'reportCrash'. - undefined_method
  error - core\services\services_test.dart:95:28 - The getter 'breadcrumbCount' isn't defined for the type 'CrashReportingService'. Try importing the library that defines 'breadcrumbCount', correcting the name to the name of an existing getter, or defining a getter or field named 'breadcrumbCount'. - undefined_getter
  error - core\services\services_test.dart:99:21 - The method 'setMetadata' isn't defined for the type 'CrashReportingService'. Try correcting the name to the name of an existing method, or defining a method named 'setMetadata'. - undefined_method
  error - core\services\services_test.dart:100:21 - The method 'setMetadata' isn't defined for the type 'CrashReportingService'. Try correcting the name to the name of an existing method, or defining a method named 'setMetadata'. - undefined_method
  error - core\services\services_test.dart:102:21 - The method 'reportCrash' isn't defined for the type 'CrashReportingService'. Try correcting the name to the name of an existing method, or defining a method named 'reportCrash'. - undefined_method
  error - core\services\services_test.dart:103:28 - The method 'getMetadata' isn't defined for the type 'CrashReportingService'. Try correcting the name to the name of an existing method, or defining a method named 'getMetadata'. - undefined_method
  error - core\services\services_test.dart:109:21 - The method 'reportCrash' isn't defined for the type 'CrashReportingService'. Try correcting the name to the name of an existing method, or defining a method named 'reportCrash'. - undefined_method
  error - core\services\services_test.dart:110:21 - The method 'reportCrash' isn't defined for the type 'CrashReportingService'. Try correcting the name to the name of an existing method, or defining a method named 'reportCrash'. - undefined_method
  error - core\services\services_test.dart:112:28 - The getter 'crashCount' isn't defined for the type 'CrashReportingService'. Try importing the library that defines 'crashCount', correcting the name to the name of an existing getter, or defining a getter or field named 'crashCount'. - undefined_getter
  error - core\services\services_test.dart:124:17 - The method 'trackScreenView' isn't defined for the type 'AnalyticsService'. Try correcting the name to the name of an existing method, or defining a method named 'trackScreenView'. - undefined_method
  error - core\services\services_test.dart:125:24 - The getter 'lastScreen' isn't defined for the type 'AnalyticsService'. Try importing the library that defines 'lastScreen', correcting the name to the name of an existing getter, or defining a getter or field named 'lastScreen'. - undefined_getter
  error - core\services\services_test.dart:129:17 - The method 'trackEvent' isn't defined for the type 'AnalyticsService'. Try correcting the name to the name of an existing method, or defining a method named 'trackEvent'. - undefined_method
  error - core\services\services_test.dart:134:24 - The getter 'eventCount' isn't defined for the type 'AnalyticsService'. Try importing the library that defines 'eventCount', correcting the name to the name of an existing getter, or defining a getter or field named 'eventCount'. - undefined_getter
  error - core\services\services_test.dart:138:17 - The method 'setUserProperty' isn't defined for the type 'AnalyticsService'. Try correcting the name to the name of an existing method, or defining a method named 'setUserProperty'. - undefined_method
  error - core\services\services_test.dart:139:17 - The method 'setUserProperty' isn't defined for the type 'AnalyticsService'. Try correcting the name to the name of an existing method, or defining a method named 'setUserProperty'. - undefined_method
  error - core\services\services_test.dart:141:24 - The method 'getUserProperty' isn't defined for the type 'AnalyticsService'. Try correcting the name to the name of an existing method, or defining a method named 'getUserProperty'. - undefined_method
  error - core\services\services_test.dart:145:17 - The method 'trackPurchase' isn't defined for the type 'AnalyticsService'. Try correcting the name to the name of an existing method, or defining a method named 'trackPurchase'. - undefined_method
  error - core\services\services_test.dart:152:24 - The getter 'lastPurchaseId' isn't defined for the type 'AnalyticsService'. Try importing the library that defines 'lastPurchaseId', correcting the name to the name of an existing getter, or defining a getter or field named 'lastPurchaseId'. - undefined_getter
  error - core\services\services_test.dart:156:17 - The method 'setUserId' isn't defined for the type 'AnalyticsService'. Try correcting the name to the name of an existing method, or defining a method named 'setUserId'. - undefined_method
  error - core\services\services_test.dart:157:24 - The getter 'analyticsUserId' isn't defined for the type 'AnalyticsService'. Try importing the library that defines 'analyticsUserId', correcting the name to the name of an existing getter, or defining a getter or field named 'analyticsUserId'. - undefined_getter
  error - core\services\services_test.dart:168:19 - The method 'trackEvent' isn't defined for the type 'AnalyticsService'. Try correcting the name to the name of an existing method, or defining a method named 'trackEvent'. - undefined_method
  error - core\services\services_test.dart:171:24 - The getter 'eventCount' isn't defined for the type 'AnalyticsService'. Try importing the library that defines 'eventCount', correcting the name to the name of an existing getter, or defining a getter or field named 'eventCount'. - undefined_getter
  error - core\services\services_test.dart:175:17 - The method 'disable' isn't defined for the type 'AnalyticsService'. Try correcting the name to the name of an existing method, or defining a method named 'disable'. - undefined_method
  error - core\services\services_test.dart:176:17 - The method 'trackEvent' isn't defined for the type 'AnalyticsService'. Try correcting the name to the name of an existing method, or defining a method named 'trackEvent'. - undefined_method
  error - core\services\services_test.dart:178:24 - The getter 'isEnabled' isn't defined for the type 'AnalyticsService'. Try importing the library that defines 'isEnabled', correcting the name to the name of an existing getter, or defining a getter or field named 'isEnabled'. - undefined_getter
  error - core\services\services_test.dart:179:24 - The getter 'eventCount' isn't defined for the type 'AnalyticsService'. Try importing the library that defines 'eventCount', correcting the name to the name of an existing getter, or defining a getter or field named 'eventCount'. - undefined_getter
  error - core\services\services_test.dart:196:14 - The method 'error' isn't defined for the type 'LoggerService'. Try correcting the name to the name of an existing method, or defining a method named 'error'. - undefined_method
  error - core\services\services_test.dart:198:21 - The method 'reportCrash' isn't defined for the type 'CrashReportingService'. Try correcting the name to the name of an existing method, or defining a method named 'reportCrash'. - undefined_method
  error - core\services\services_test.dart:200:21 - The getter 'lastLevel' isn't defined for the type 'LoggerService'. Try importing the library that defines 'lastLevel', correcting the name to the name of an existing getter, or defining a getter or field named 'lastLevel'. - undefined_getter
  error - core\services\services_test.dart:201:28 - The getter 'crashCount' isn't defined for the type 'CrashReportingService'. Try importing the library that defines 'crashCount', correcting the name to the name of an existing getter, or defining a getter or field named 'crashCount'. - undefined_getter
  error - core\services\services_test.dart:205:17 - The method 'trackEvent' isn't defined for the type 'AnalyticsService'. Try correcting the name to the name of an existing method, or defining a method named 'trackEvent'. - undefined_method
  error - core\services\services_test.dart:206:14 - The method 'error' isn't defined for the type 'LoggerService'. Try correcting the name to the name of an existing method, or defining a method named 'error'. - undefined_method
  error - core\services\services_test.dart:208:24 - The getter 'eventCount' isn't defined for the type 'AnalyticsService'. Try importing the library that defines 'eventCount', correcting the name to the name of an existing getter, or defining a getter or field named 'eventCount'. - undefined_getter
  error - core\services\services_test.dart:216:18 - The method 'info' isn't defined for the type 'LoggerService'. Try correcting the name to the name of an existing method, or defining a method named 'info'. - undefined_method
  error - core\services\services_test.dart:217:21 - The method 'trackEvent' isn't defined for the type 'AnalyticsService'. Try correcting the name to the name of an existing method, or defining a method named 'trackEvent'. - undefined_method
  error - core\services\services_test.dart:218:25 - The method 'reportCrash' isn't defined for the type 'CrashReportingService'. Try correcting the name to the name of an existing method, or defining a method named 'reportCrash'. - undefined_method
  error - core\services\services_test.dart:224:24 - The getter 'eventCount' isn't defined for the type 'AnalyticsService'. Try importing the library that defines 'eventCount', correcting the name to the name of an existing getter, or defining a getter or field named 'eventCount'. - undefined_getter
  error - core\storage\encrypted_hive_storage_critical_test.dart:7:1 - Directives must appear before any declarations. Try moving the directive before any declarations. - directive_after_declaration
  error - core\storage\encrypted_hive_storage_critical_test.dart:8:1 - Directives must appear before any declarations. Try moving the directive before any declarations. - directive_after_declaration
  error - core\storage\encrypted_hive_storage_critical_test.dart:8:8 - Target of URI doesn't exist: 'package:verasso/core/storage/encrypted_hive_storage.dart'. Try creating the file referenced by the URI, or try using a URI for a file that does exist. - uri_does_not_exist
  error - core\storage\encrypted_hive_storage_critical_test.dart:24:21 - The method 'write' isn't defined for the type 'EncryptedHiveStorage'. Try correcting the name to the name of an existing method, or defining a method named 'write'. - undefined_method
  error - core\storage\encrypted_hive_storage_critical_test.dart:26:36 - The method 'read' isn't defined for the type 'EncryptedHiveStorage'. Try correcting the name to the name of an existing method, or defining a method named 'read'. - undefined_method
  error - core\storage\encrypted_hive_storage_critical_test.dart:33:21 - The method 'write' isn't defined for the type 'EncryptedHiveStorage'. Try correcting the name to the name of an existing method, or defining a method named 'write'. - undefined_method
  error - core\storage\encrypted_hive_storage_critical_test.dart:35:34 - The method 'read' isn't defined for the type 'EncryptedHiveStorage'. Try correcting the name to the name of an existing method, or defining a method named 'read'. - undefined_method
  error - core\storage\encrypted_hive_storage_critical_test.dart:42:21 - The method 'write' isn't defined for the type 'EncryptedHiveStorage'. Try correcting the name to the name of an existing method, or defining a method named 'write'. - undefined_method
  error - core\storage\encrypted_hive_storage_critical_test.dart:45:39 - The method 'getRawBytes' isn't defined for the type 'EncryptedHiveStorage'. Try correcting the name to the name of an existing method, or defining a method named 'getRawBytes'. - undefined_method
  error - core\storage\encrypted_hive_storage_critical_test.dart:51:21 - The method 'writeRaw' isn't defined for the type 'EncryptedHiveStorage'. Try correcting the name to the name of an existing method, or defining a method named 'writeRaw'. - undefined_method
  error - core\storage\encrypted_hive_storage_critical_test.dart:54:23 - The method 'read' isn't defined for the type 'EncryptedHiveStorage'. Try correcting the name to the name of an existing method, or defining a method named 'read'. - undefined_method
  error - core\storage\encrypted_hive_storage_critical_test.dart:60:36 - The method 'read' isn't defined for the type 'EncryptedHiveStorage'. Try correcting the name to the name of an existing method, or defining a method named 'read'. - undefined_method
  error - core\storage\encrypted_hive_storage_critical_test.dart:66:21 - The method 'write' isn't defined for the type 'EncryptedHiveStorage'. Try correcting the name to the name of an existing method, or defining a method named 'write'. - undefined_method
  error - core\storage\encrypted_hive_storage_critical_test.dart:68:34 - The method 'read' isn't defined for the type 'EncryptedHiveStorage'. Try correcting the name to the name of an existing method, or defining a method named 'read'. - undefined_method
  error - core\storage\encrypted_hive_storage_critical_test.dart:77:21 - The method 'write' isn't defined for the type 'EncryptedHiveStorage'. Try correcting the name to the name of an existing method, or defining a method named 'write'. - undefined_method
  error - core\storage\encrypted_hive_storage_critical_test.dart:79:34 - The method 'read' isn't defined for the type 'EncryptedHiveStorage'. Try correcting the name to the name of an existing method, or defining a method named 'read'. - undefined_method
  error - core\storage\encrypted_hive_storage_critical_test.dart:88:21 - The method 'write' isn't defined for the type 'EncryptedHiveStorage'. Try correcting the name to the name of an existing method, or defining a method named 'write'. - undefined_method
  error - core\storage\encrypted_hive_storage_critical_test.dart:89:32 - The method 'read' isn't defined for the type 'EncryptedHiveStorage'. Try correcting the name to the name of an existing method, or defining a method named 'read'. - undefined_method
  error - core\storage\encrypted_hive_storage_critical_test.dart:92:21 - The method 'write' isn't defined for the type 'EncryptedHiveStorage'. Try correcting the name to the name of an existing method, or defining a method named 'write'. - undefined_method
  error - core\storage\encrypted_hive_storage_critical_test.dart:93:28 - The method 'read' isn't defined for the type 'EncryptedHiveStorage'. Try correcting the name to the name of an existing method, or defining a method named 'read'. - undefined_method
  error - core\storage\encrypted_hive_storage_critical_test.dart:103:21 - The method 'write' isn't defined for the type 'EncryptedHiveStorage'. Try correcting the name to the name of an existing method, or defining a method named 'write'. - undefined_method
  error - core\storage\encrypted_hive_storage_critical_test.dart:104:21 - The method 'write' isn't defined for the type 'EncryptedHiveStorage'. Try correcting the name to the name of an existing method, or defining a method named 'write'. - undefined_method
  error - core\storage\encrypted_hive_storage_critical_test.dart:106:36 - The method 'read' isn't defined for the type 'EncryptedHiveStorage'. Try correcting the name to the name of an existing method, or defining a method named 'read'. - undefined_method
  error - core\storage\encrypted_hive_storage_critical_test.dart:109:36 - The method 'read' isn't defined for the type 'EncryptedHiveStorage'. Try correcting the name to the name of an existing method, or defining a method named 'read'. - undefined_method
  error - core\storage\encrypted_hive_storage_critical_test.dart:117:21 - The method 'write' isn't defined for the type 'EncryptedHiveStorage'. Try correcting the name to the name of an existing method, or defining a method named 'write'. - undefined_method
  error - core\storage\encrypted_hive_storage_critical_test.dart:118:21 - The method 'write' isn't defined for the type 'EncryptedHiveStorage'. Try correcting the name to the name of an existing method, or defining a method named 'write'. - undefined_method
  error - core\storage\encrypted_hive_storage_critical_test.dart:120:34 - The method 'getRawBytes' isn't defined for the type 'EncryptedHiveStorage'. Try correcting the name to the name of an existing method, or defining a method named 'getRawBytes'. - undefined_method
  error - core\storage\encrypted_hive_storage_critical_test.dart:121:34 - The method 'getRawBytes' isn't defined for the type 'EncryptedHiveStorage'. Try correcting the name to the name of an existing method, or defining a method named 'getRawBytes'. - undefined_method
  error - core\storage\encrypted_hive_storage_critical_test.dart:123:20 - The function 'isNotEqualTo' isn't defined. Try importing the library that defines 'isNotEqualTo', correcting the name to the name of an existing function, or defining a function named 'isNotEqualTo'. - undefined_function
  error - core\storage\encrypted_hive_storage_critical_test.dart:127:21 - The method 'write' isn't defined for the type 'EncryptedHiveStorage'. Try correcting the name to the name of an existing method, or defining a method named 'write'. - undefined_method
  error - core\storage\encrypted_hive_storage_critical_test.dart:128:21 - The method 'write' isn't defined for the type 'EncryptedHiveStorage'. Try correcting the name to the name of an existing method, or defining a method named 'write'. - undefined_method
  error - core\storage\encrypted_hive_storage_critical_test.dart:129:21 - The method 'write' isn't defined for the type 'EncryptedHiveStorage'. Try correcting the name to the name of an existing method, or defining a method named 'write'. - undefined_method
  error - core\storage\encrypted_hive_storage_critical_test.dart:131:29 - The method 'read' isn't defined for the type 'EncryptedHiveStorage'. Try correcting the name to the name of an existing method, or defining a method named 'read'. - undefined_method
  error - core\storage\encrypted_hive_storage_critical_test.dart:132:29 - The method 'read' isn't defined for the type 'EncryptedHiveStorage'. Try correcting the name to the name of an existing method, or defining a method named 'read'. - undefined_method
  error - core\storage\encrypted_hive_storage_critical_test.dart:133:29 - The method 'read' isn't defined for the type 'EncryptedHiveStorage'. Try correcting the name to the name of an existing method, or defining a method named 'read'. - undefined_method
  error - core\storage\encrypted_hive_storage_critical_test.dart:140:21 - The method 'write' isn't defined for the type 'EncryptedHiveStorage'. Try correcting the name to the name of an existing method, or defining a method named 'write'. - undefined_method
  error - core\storage\encrypted_hive_storage_critical_test.dart:143:35 - The method 'read' isn't defined for the type 'EncryptedHiveStorage'. Try correcting the name to the name of an existing method, or defining a method named 'read'. - undefined_method
  error - core\storage\encrypted_hive_storage_critical_test.dart:149:21 - The method 'write' isn't defined for the type 'EncryptedHiveStorage'. Try correcting the name to the name of an existing method, or defining a method named 'write'. - undefined_method
  error - core\storage\encrypted_hive_storage_critical_test.dart:151:21 - The method 'delete' isn't defined for the type 'EncryptedHiveStorage'. Try correcting the name to the name of an existing method, or defining a method named 'delete'. - undefined_method
  error - core\storage\encrypted_hive_storage_critical_test.dart:152:34 - The method 'read' isn't defined for the type 'EncryptedHiveStorage'. Try correcting the name to the name of an existing method, or defining a method named 'read'. - undefined_method
  error - core\storage\encrypted_hive_storage_critical_test.dart:157:21 - The method 'write' isn't defined for the type 'EncryptedHiveStorage'. Try correcting the name to the name of an existing method, or defining a method named 'write'. - undefined_method
  error - core\storage\encrypted_hive_storage_critical_test.dart:158:21 - The method 'write' isn't defined for the type 'EncryptedHiveStorage'. Try correcting the name to the name of an existing method, or defining a method named 'write'. - undefined_method
  error - core\storage\encrypted_hive_storage_critical_test.dart:160:21 - The method 'clear' isn't defined for the type 'EncryptedHiveStorage'. Try correcting the name to the name of an existing method, or defining a method named 'clear'. - undefined_method
  error - core\storage\encrypted_hive_storage_critical_test.dart:162:28 - The method 'read' isn't defined for the type 'EncryptedHiveStorage'. Try correcting the name to the name of an existing method, or defining a method named 'read'. - undefined_method
  error - core\storage\encrypted_hive_storage_critical_test.dart:163:28 - The method 'read' isn't defined for the type 'EncryptedHiveStorage'. Try correcting the name to the name of an existing method, or defining a method named 'read'. - undefined_method
  error - data\repository_test.dart:122:34 - The method '[]' can't be unconditionally invoked because the receiver can be 'null'. Try making the call conditional (using '?.') or adding a null check to the target ('!'). - unchecked_use_of_nullable_value
  error - data\repository_test.dart:243:51 - The operator '>' isn't defined for the type 'Object'. Try defining the operator '>'. - undefined_operator
  error - data\repository_test.dart:266:59 - This literal must be either a map or a set, but the elements don't have enough information for type inference to work. Try adding type arguments to the literal (one for sets, two for maps). - ambiguous_set_or_map_literal_either
  error - data\repository_test.dart:266:63 - Expected an identifier. - missing_identifier
  error - data\repository_test.dart:267:58 - This literal must be either a map or a set, but the elements don't have enough information for type inference to work. Try adding type arguments to the literal (one for sets, two for maps). - ambiguous_set_or_map_literal_either
  error - data\repository_test.dart:267:62 - Expected an identifier. - missing_identifier
  error - e2e\e2e_auth_feed_test.dart:19:22 - The named parameter 'gamificationRepository' is required, but there's no corresponding argument. Try adding the required argument. - missing_required_argument
  error - e2e\e2e_auth_feed_test.dart:19:22 - The named parameter 'moderationService' is required, but there's no corresponding argument. Try adding the required argument. - missing_required_argument
  error - e2e\e2e_auth_feed_test.dart:39:24 - The method 'signup' isn't defined for the type 'AuthRepository'. Try correcting the name to the name of an existing method, or defining a method named 'signup'. - undefined_method
  error - e2e\e2e_auth_feed_test.dart:72:26 - The property 'fullName' can't be unconditionally accessed because the receiver can be 'null'. Try making the access conditional (using '?.') or adding a null check to the target ('!'). - unchecked_use_of_nullable_value
  error - e2e\e2e_auth_feed_test.dart:89:46 - The method 'getFeedPosts' isn't defined for the type 'FeedRepository'. Try correcting the name to the name of an existing method, or defining a method named 'getFeedPosts'. - undefined_method
  error - e2e\e2e_auth_feed_test.dart:138:22 - The property 'fullName' can't be unconditionally accessed because the receiver can be 'null'. Try making the access conditional (using '?.') or adding a null check to the target ('!'). - unchecked_use_of_nullable_value
  error - e2e\e2e_auth_feed_test.dart:158:46 - The method 'getFeedPosts' isn't defined for the type 'FeedRepository'. Try correcting the name to the name of an existing method, or defining a method named 'getFeedPosts'. - undefined_method
  error - e2e\e2e_auth_feed_test.dart:196:9 - The named parameter 'shouldThrow' isn't defined. Try correcting the name to an existing named parameter's name, or defining a named parameter with the name 'shouldThrow'. - undefined_named_parameter
  error - e2e\e2e_auth_feed_test.dart:213:56 - The named parameter 'shouldThrow' isn't defined. Try correcting the name to an existing named parameter's name, or defining a named parameter with the name 'shouldThrow'. - undefined_named_parameter
  error - e2e\e2e_auth_feed_test.dart:241:46 - The method 'getFeedPosts' isn't defined for the type 'FeedRepository'. Try correcting the name to the name of an existing method, or defining a method named 'getFeedPosts'. - undefined_method
  error - e2e\e2e_auth_feed_test.dart:280:42 - The method 'getFeedPosts' isn't defined for the type 'FeedRepository'. Try correcting the name to the name of an existing method, or defining a method named 'getFeedPosts'. - undefined_method
  error - e2e\e2e_auth_feed_test.dart:313:28 - The method 'getFeedPosts' isn't defined for the type 'FeedRepository'. Try correcting the name to the name of an existing method, or defining a method named 'getFeedPosts'. - undefined_method
  error - e2e\e2e_auth_feed_test.dart:339:42 - The method 'getFeedPosts' isn't defined for the type 'FeedRepository'. Try correcting the name to the name of an existing method, or defining a method named 'getFeedPosts'. - undefined_method
  error - e2e\e2e_auth_feed_test.dart:366:28 - The method 'getFeedPosts' isn't defined for the type 'FeedRepository'. Try correcting the name to the name of an existing method, or defining a method named 'getFeedPosts'. - undefined_method
  error - e2e\e2e_auth_feed_test.dart:394:22 - The property 'email' can't be unconditionally accessed because the receiver can be 'null'. Try making the access conditional (using '?.') or adding a null check to the target ('!'). - unchecked_use_of_nullable_value
  error - e2e\e2e_auth_feed_test.dart:415:22 - The property 'followerCount' can't be unconditionally accessed because the receiver can be 'null'. Try making the access conditional (using '?.') or adding a null check to the target ('!'). - unchecked_use_of_nullable_value
  error - e2e\e2e_messaging_test.dart:30:25 - The named parameter 'encryptionService' is required, but there's no corresponding argument. Try adding the required argument. - missing_required_argument
  error - e2e\e2e_messaging_test.dart:30:25 - The named parameter 'gamificationRepository' is required, but there's no corresponding argument. Try adding the required argument. - missing_required_argument
  error - e2e\e2e_messaging_test.dart:51:45 - The method 'searchProfiles' isn't defined for the type 'ProfileRepository'. Try correcting the name to the name of an existing method, or defining a method named 'searchProfiles'. - undefined_method
  error - e2e\e2e_messaging_test.dart:68:22 - The method 'setEncryptResult' isn't defined for the type 'MockEncryptionService'. Try correcting the name to the name of an existing method, or defining a method named 'setEncryptResult'. - undefined_method
  error - e2e\e2e_messaging_test.dart:74:27 - The named parameter 'receiverId' is required, but there's no corresponding argument. Try adding the required argument. - missing_required_argument
  error - e2e\e2e_messaging_test.dart:76:11 - The named parameter 'recipientId' isn't defined. Try correcting the name to an existing named parameter's name, or defining a named parameter with the name 'recipientId'. - undefined_named_parameter
  error - e2e\e2e_messaging_test.dart:78:11 - The named parameter 'conversationId' isn't defined. Try correcting the name to an existing named parameter's name, or defining a named parameter with the name 'conversationId'. - undefined_named_parameter
  error - e2e\e2e_messaging_test.dart:83:27 - The getter 'lastInsertTable' isn't defined for the type 'MockSupabaseClient'. Try importing the library that defines 'lastInsertTable', correcting the name to the name of an existing getter, or defining a getter or field named 'lastInsertTable'. - undefined_getter
  error - e2e\e2e_messaging_test.dart:104:22 - The operator '[]' isn't defined for the type 'Stream<List<Message>>'. Try defining the operator '[]'. - undefined_operator
  error - e2e\e2e_messaging_test.dart:114:22 - The method 'setDecryptResult' isn't defined for the type 'MockEncryptionService'. Try correcting the name to the name of an existing method, or defining a method named 'setDecryptResult'. - undefined_method
  error - e2e\e2e_messaging_test.dart:125:27 - The method 'markMessageAsRead' isn't defined for the type 'MessageRepository'. Try correcting the name to the name of an existing method, or defining a method named 'markMessageAsRead'. - undefined_method
  error - e2e\e2e_messaging_test.dart:135:22 - The method 'setEncryptResult' isn't defined for the type 'MockEncryptionService'. Try correcting the name to the name of an existing method, or defining a method named 'setEncryptResult'. - undefined_method
  error - e2e\e2e_messaging_test.dart:138:27 - The named parameter 'receiverId' is required, but there's no corresponding argument. Try adding the required argument. - missing_required_argument
  error - e2e\e2e_messaging_test.dart:140:11 - The named parameter 'recipientId' isn't defined. Try correcting the name to an existing named parameter's name, or defining a named parameter with the name 'recipientId'. - undefined_named_parameter
  error - e2e\e2e_messaging_test.dart:142:11 - The named parameter 'conversationId' isn't defined. Try correcting the name to an existing named parameter's name, or defining a named parameter with the name 'conversationId'. - undefined_named_parameter
  error - e2e\e2e_messaging_test.dart:169:22 - The method 'setEncryptResult' isn't defined for the type 'MockEncryptionService'. Try correcting the name to the name of an existing method, or defining a method named 'setEncryptResult'. - undefined_method
  error - e2e\e2e_messaging_test.dart:174:31 - The named parameter 'receiverId' is required, but there's no corresponding argument. Try adding the required argument. - missing_required_argument
  error - e2e\e2e_messaging_test.dart:176:9 - The named parameter 'recipientId' isn't defined. Try correcting the name to an existing named parameter's name, or defining a named parameter with the name 'recipientId'. - undefined_named_parameter
  error - e2e\e2e_messaging_test.dart:178:9 - The named parameter 'conversationId' isn't defined. Try correcting the name to an existing named parameter's name, or defining a named parameter with the name 'conversationId'. - undefined_named_parameter
  error - e2e\e2e_messaging_test.dart:198:22 - The method 'setEncryptResult' isn't defined for the type 'MockEncryptionService'. Try correcting the name to the name of an existing method, or defining a method named 'setEncryptResult'. - undefined_method
  error - e2e\e2e_messaging_test.dart:203:31 - The named parameter 'receiverId' is required, but there's no corresponding argument. Try adding the required argument. - missing_required_argument
  error - e2e\e2e_messaging_test.dart:205:9 - The named parameter 'recipientId' isn't defined. Try correcting the name to an existing named parameter's name, or defining a named parameter with the name 'recipientId'. - undefined_named_parameter
  error - e2e\e2e_messaging_test.dart:207:9 - The named parameter 'conversationId' isn't defined. Try correcting the name to an existing named parameter's name, or defining a named parameter with the name 'conversationId'. - undefined_named_parameter
  error - e2e\e2e_messaging_test.dart:234:31 - The named parameter 'receiverId' is required, but there's no corresponding argument. Try adding the required argument. - missing_required_argument
  error - e2e\e2e_messaging_test.dart:236:9 - The named parameter 'recipientId' isn't defined. Try correcting the name to an existing named parameter's name, or defining a named parameter with the name 'recipientId'. - undefined_named_parameter
  error - e2e\e2e_messaging_test.dart:238:9 - The named parameter 'conversationId' isn't defined. Try correcting the name to an existing named parameter's name, or defining a named parameter with the name 'conversationId'. - undefined_named_parameter
  error - e2e\e2e_messaging_test.dart:254:31 - The method 'createGroupConversation' isn't defined for the type 'MessageRepository'. Try correcting the name to the name of an existing method, or defining a method named 'createGroupConversation'. - undefined_method
  error - e2e\e2e_messaging_test.dart:260:27 - The getter 'lastInsertTable' isn't defined for the type 'MockSupabaseClient'. Try importing the library that defines 'lastInsertTable', correcting the name to the name of an existing getter, or defining a getter or field named 'lastInsertTable'. - undefined_getter
  error - e2e\e2e_messaging_test.dart:267:22 - The method 'setEncryptResult' isn't defined for the type 'MockEncryptionService'. Try correcting the name to the name of an existing method, or defining a method named 'setEncryptResult'. - undefined_method
  error - e2e\e2e_messaging_test.dart:272:31 - The method 'sendGroupMessage' isn't defined for the type 'MessageRepository'. Try correcting the name to the name of an existing method, or defining a method named 'sendGroupMessage'. - undefined_method
  error - e2e\e2e_messaging_test.dart:279:27 - The getter 'lastInsertTable' isn't defined for the type 'MockSupabaseClient'. Try importing the library that defines 'lastInsertTable', correcting the name to the name of an existing getter, or defining a getter or field named 'lastInsertTable'. - undefined_getter
  error - e2e\e2e_messaging_test.dart:348:22 - The method 'setEncryptResult' isn't defined for the type 'MockEncryptionService'. Try correcting the name to the name of an existing method, or defining a method named 'setEncryptResult'. - undefined_method
  error - e2e\e2e_messaging_test.dart:355:31 - The named parameter 'receiverId' is required, but there's no corresponding argument. Try adding the required argument. - missing_required_argument
  error - e2e\e2e_messaging_test.dart:357:9 - The named parameter 'recipientId' isn't defined. Try correcting the name to an existing named parameter's name, or defining a named parameter with the name 'recipientId'. - undefined_named_parameter
  error - e2e\e2e_messaging_test.dart:359:9 - The named parameter 'conversationId' isn't defined. Try correcting the name to an existing named parameter's name, or defining a named parameter with the name 'conversationId'. - undefined_named_parameter
  error - e2e\e2e_messaging_test.dart:415:22 - The method 'setEncryptResult' isn't defined for the type 'MockEncryptionService'. Try correcting the name to the name of an existing method, or defining a method named 'setEncryptResult'. - undefined_method
  error - e2e\e2e_messaging_test.dart:459:56 - The named parameter 'shouldThrow' isn't defined. Try correcting the name to an existing named parameter's name, or defining a named parameter with the name 'shouldThrow'. - undefined_named_parameter
  error - e2e\e2e_messaging_test.dart:474:22 - The method 'setDecryptResult' isn't defined for the type 'MockEncryptionService'. Try correcting the name to the name of an existing method, or defining a method named 'setDecryptResult'. - undefined_method
  error - e2e\e2e_messaging_test.dart:484:24 - In constant expressions, operands of this operator must be of type 'num'. - const_eval_type_num
  error - e2e\e2e_post_creation_test.dart:22:22 - The named parameter 'gamificationRepository' is required, but there's no corresponding argument. Try adding the required argument. - missing_required_argument
  error - e2e\e2e_post_creation_test.dart:22:22 - The named parameter 'moderationService' is required, but there's no corresponding argument. Try adding the required argument. - missing_required_argument
  error - e2e\e2e_post_creation_test.dart:48:30 - The function 'MockSupabaseStorageBucket' isn't defined. Try importing the library that defines 'MockSupabaseStorageBucket', correcting the name to the name of an existing function, or defining a function named 'MockSupabaseStorageBucket'. - undefined_function
  error - e2e\e2e_post_creation_test.dart:49:20 - The method 'setStorageBucket' isn't defined for the type 'MockSupabaseClient'. Try correcting the name to the name of an existing method, or defining a method named 'setStorageBucket'. - undefined_method
  error - e2e\e2e_post_creation_test.dart:67:11 - The named parameter 'mediaUrls' isn't defined. Try correcting the name to an existing named parameter's name, or defining a named parameter with the name 'mediaUrls'. - undefined_named_parameter
  error - e2e\e2e_post_creation_test.dart:72:27 - The getter 'lastInsertTable' isn't defined for the type 'MockSupabaseClient'. Try importing the library that defines 'lastInsertTable', correcting the name to the name of an existing getter, or defining a getter or field named 'lastInsertTable'. - undefined_getter
  error - e2e\e2e_post_creation_test.dart:96:46 - The method 'getFeedPosts' isn't defined for the type 'FeedRepository'. Try correcting the name to the name of an existing method, or defining a method named 'getFeedPosts'. - undefined_method
  error - e2e\e2e_post_creation_test.dart:114:11 - The named parameter 'mediaUrls' isn't defined. Try correcting the name to an existing named parameter's name, or defining a named parameter with the name 'mediaUrls'. - undefined_named_parameter
  error - e2e\e2e_post_creation_test.dart:119:27 - The getter 'lastInsertTable' isn't defined for the type 'MockSupabaseClient'. Try importing the library that defines 'lastInsertTable', correcting the name to the name of an existing getter, or defining a getter or field named 'lastInsertTable'. - undefined_getter
  error - e2e\e2e_post_creation_test.dart:132:11 - The named parameter 'mediaUrls' isn't defined. Try correcting the name to an existing named parameter's name, or defining a named parameter with the name 'mediaUrls'. - undefined_named_parameter
  error - e2e\e2e_post_creation_test.dart:137:27 - The getter 'lastInsertTable' isn't defined for the type 'MockSupabaseClient'. Try importing the library that defines 'lastInsertTable', correcting the name to the name of an existing getter, or defining a getter or field named 'lastInsertTable'. - undefined_getter
  error - e2e\e2e_post_creation_test.dart:150:11 - The named parameter 'mediaUrls' isn't defined. Try correcting the name to an existing named parameter's name, or defining a named parameter with the name 'mediaUrls'. - undefined_named_parameter
  error - e2e\e2e_post_creation_test.dart:165:28 - The function 'MockSupabaseStorageBucket' isn't defined. Try importing the library that defines 'MockSupabaseStorageBucket', correcting the name to the name of an existing function, or defining a function named 'MockSupabaseStorageBucket'. - undefined_function
  error - e2e\e2e_post_creation_test.dart:166:20 - The method 'setStorageBucket' isn't defined for the type 'MockSupabaseClient'. Try correcting the name to the name of an existing method, or defining a method named 'setStorageBucket'. - undefined_method
  error - e2e\e2e_post_creation_test.dart:169:24 - The function 'MockSupabaseStorageBucket' isn't defined. Try importing the library that defines 'MockSupabaseStorageBucket', correcting the name to the name of an existing function, or defining a function named 'MockSupabaseStorageBucket'. - undefined_function
  error - e2e\e2e_post_creation_test.dart:170:20 - The method 'setStorageBucket' isn't defined for the type 'MockSupabaseClient'. Try correcting the name to the name of an existing method, or defining a method named 'setStorageBucket'. - undefined_method
  error - e2e\e2e_post_creation_test.dart:195:11 - The named parameter 'mediaUrls' isn't defined. Try correcting the name to an existing named parameter's name, or defining a named parameter with the name 'mediaUrls'. - undefined_named_parameter
  error - e2e\e2e_post_creation_test.dart:196:11 - The named parameter 'scheduledFor' isn't defined. Try correcting the name to an existing named parameter's name, or defining a named parameter with the name 'scheduledFor'. - undefined_named_parameter
  error - e2e\e2e_post_creation_test.dart:213:27 - The getter 'lastInsertTable' isn't defined for the type 'MockSupabaseClient'. Try importing the library that defines 'lastInsertTable', correcting the name to the name of an existing getter, or defining a getter or field named 'lastInsertTable'. - undefined_getter
  error - e2e\e2e_post_creation_test.dart:221:24 - The method 'unlikePost' isn't defined for the type 'FeedRepository'. Try correcting the name to the name of an existing method, or defining a method named 'unlikePost'. - undefined_method
  error - e2e\e2e_post_creation_test.dart:233:24 - The method 'createComment' isn't defined for the type 'FeedRepository'. Try correcting the name to the name of an existing method, or defining a method named 'createComment'. - undefined_method
  error - e2e\e2e_post_creation_test.dart:262:24 - The named parameter 'content' is required, but there's no corresponding argument. Try adding the required argument. - missing_required_argument
  error - e2e\e2e_post_creation_test.dart:262:24 - The named parameter 'postId' is required, but there's no corresponding argument. Try adding the required argument. - missing_required_argument
  error - e2e\e2e_post_creation_test.dart:262:35 - Too many positional arguments: 0 expected, but 2 found. Try removing the extra positional arguments, or specifying the name for named arguments. - extra_positional_arguments_could_be_named
  error - e2e\e2e_post_creation_test.dart:266:27 - The getter 'lastUpdateTable' isn't defined for the type 'MockSupabaseClient'. Try importing the library that defines 'lastUpdateTable', correcting the name to the name of an existing getter, or defining a getter or field named 'lastUpdateTable'. - undefined_getter
  error - e2e\e2e_post_creation_test.dart:274:24 - The method 'deletePost' isn't defined for the type 'FeedRepository'. Try correcting the name to the name of an existing method, or defining a method named 'deletePost'. - undefined_method
  error - e2e\e2e_post_creation_test.dart:333:9 - The named parameter 'mediaUrls' isn't defined. Try correcting the name to an existing named parameter's name, or defining a named parameter with the name 'mediaUrls'. - undefined_named_parameter
  error - e2e\e2e_post_creation_test.dart:388:28 - The method 'getFeedPosts' isn't defined for the type 'FeedRepository'. Try correcting the name to the name of an existing method, or defining a method named 'getFeedPosts'. - undefined_method
  error - e2e\e2e_post_creation_test.dart:429:9 - The named parameter 'mediaUrls' isn't defined. Try correcting the name to an existing named parameter's name, or defining a named parameter with the name 'mediaUrls'. - undefined_named_parameter
  error - e2e\e2e_post_creation_test.dart:464:56 - The named parameter 'shouldThrow' isn't defined. Try correcting the name to an existing named parameter's name, or defining a named parameter with the name 'shouldThrow'. - undefined_named_parameter
  error - e2e\e2e_post_creation_test.dart:473:28 - The function 'MockSupabaseStorageBucket' isn't defined. Try importing the library that defines 'MockSupabaseStorageBucket', correcting the name to the name of an existing function, or defining a function named 'MockSupabaseStorageBucket'. - undefined_function
  error - e2e\e2e_post_creation_test.dart:474:20 - The method 'setStorageBucket' isn't defined for the type 'MockSupabaseClient'. Try correcting the name to the name of an existing method, or defining a method named 'setStorageBucket'. - undefined_method
  error - e2e\e2e_post_creation_test.dart:477:24 - The function 'MockSupabaseStorageBucket' isn't defined. Try importing the library that defines 'MockSupabaseStorageBucket', correcting the name to the name of an existing function, or defining a function named 'MockSupabaseStorageBucket'. - undefined_function
  error - e2e\e2e_post_creation_test.dart:478:20 - The method 'setStorageBucket' isn't defined for the type 'MockSupabaseClient'. Try correcting the name to the name of an existing method, or defining a method named 'setStorageBucket'. - undefined_method
  error - features\auth\auth_repository_security_test.dart:28:19 - The argument type 'MockSecureAuthService' can't be assigned to the parameter type 'SecureAuthService?'.  - argument_type_not_assignable
  error - features\auth\auth_repository_security_test.dart:29:17 - The argument type 'MockAuditLogService' can't be assigned to the parameter type 'AuditLogService?'.  - argument_type_not_assignable
  error - features\auth\auth_repository_security_test.dart:30:25 - The argument type 'MockRateLimitService' can't be assigned to the parameter type 'RateLimitService?'.  - argument_type_not_assignable
  error - features\auth\auth_repository_security_test.dart:31:21 - The argument type 'MockTokenStorageService' can't be assigned to the parameter type 'TokenStorageService?'.  - argument_type_not_assignable
  error - features\auth\auth_repository_test.dart:31:19 - The argument type 'MockSecureAuthService' can't be assigned to the parameter type 'SecureAuthService?'.  - argument_type_not_assignable
  error - features\auth\auth_repository_test.dart:32:17 - The argument type 'MockAuditLogService' can't be assigned to the parameter type 'AuditLogService?'.  - argument_type_not_assignable
  error - features\auth\auth_repository_test.dart:33:25 - The argument type 'MockRateLimitService' can't be assigned to the parameter type 'RateLimitService?'.  - argument_type_not_assignable
  error - features\auth\auth_repository_test.dart:34:21 - The argument type 'MockTokenStorageService' can't be assigned to the parameter type 'TokenStorageService?'.  - argument_type_not_assignable
  error - features\auth\auth_service_test.dart:27:21 - The argument type 'MockSecureAuthService' can't be assigned to the parameter type 'SecureAuthService?'.  - argument_type_not_assignable
  error - features\auth\auth_service_test.dart:28:19 - The argument type 'MockAuditLogService' can't be assigned to the parameter type 'AuditLogService?'.  - argument_type_not_assignable
  error - features\auth\auth_service_test.dart:29:27 - The argument type 'MockRateLimitService' can't be assigned to the parameter type 'RateLimitService?'.  - argument_type_not_assignable
  error - features\auth\auth_service_test.dart:30:23 - The argument type 'MockTokenStorageService' can't be assigned to the parameter type 'TokenStorageService?'.  - argument_type_not_assignable
  error - features\auth\presentation\auth_screen_test.dart:33:32 - The argument type 'MockTokenStorageService' can't be assigned to the parameter type 'TokenStorageService'.  - argument_type_not_assignable
  error - features\auth\presentation\auth_screen_test.dart:35:32 - The argument type 'MockOfflineSecurityService' can't be assigned to the parameter type 'OfflineSecurityService'.  - argument_type_not_assignable
  error - features\auth\presentation\auth_screen_test.dart:37:32 - The argument type 'MockOfflineStorageService' can't be assigned to the parameter type 'OfflineStorageService'.  - argument_type_not_assignable
  error - features\auth\presentation\auth_screen_test.dart:42:36 - The returned type 'MockBiometricAuthService' isn't returnable from a 'BiometricAuthService' function, as required by the closure's context. - return_of_invalid_type_from_closure
  error - features\learning\services\course_service_critical_test.dart:2:8 - Target of URI doesn't exist: 'package:verasso/features/learning/models/course.dart'. Try creating the file referenced by the URI, or try using a URI for a file that does exist. - uri_does_not_exist
  error - features\learning\services\course_service_critical_test.dart:3:8 - Target of URI doesn't exist: 'package:verasso/features/learning/models/lesson.dart'. Try creating the file referenced by the URI, or try using a URI for a file that does exist. - uri_does_not_exist
  error - features\learning\services\course_service_critical_test.dart:4:8 - Target of URI doesn't exist: 'package:verasso/features/learning/services/course_service.dart'. Try creating the file referenced by the URI, or try using a URI for a file that does exist. - uri_does_not_exist
  error - features\learning\services\course_service_critical_test.dart:7:8 - Undefined class 'CourseService'. Try changing the name to the name of an existing class, or creating a class with the name 'CourseService'. - undefined_class
  error - features\learning\services\course_service_critical_test.dart:10:21 - The function 'CourseService' isn't defined. Try importing the library that defines 'CourseService', correcting the name to the name of an existing function, or defining a function named 'CourseService'. - undefined_function
  error - features\messaging\data\message_repository_test.dart:28:26 - The argument type 'FakeEncryptionService' can't be assigned to the parameter type 'EncryptionService'.  - argument_type_not_assignable
  error - features\messaging\data\message_repository_test.dart:89:28 - The argument type '_ThrowingEncryptionService' can't be assigned to the parameter type 'EncryptionService'.  - argument_type_not_assignable
  error - features\messaging\data\message_repository_test.dart:122:53 - Classes and mixins can only implement other classes and mixins. Try specifying a class or mixin, or remove the name from the list. - implements_non_class
  error - features\messaging\data\message_repository_test.dart:122:53 - The name 'EncryptionService' is defined in the libraries 'file:///D:/Games/VERASSO/test/mocks.dart' and 'package:verasso/features/messaging/services/encryption_service.dart'. Try using 'as prefix' for one of the import directives, or hiding the name from all but one of the imports. - ambiguous_import
  error - features\messaging\data\message_repository_test.dart:158:58 - Classes and mixins can only implement other classes and mixins. Try specifying a class or mixin, or remove the name from the list. - implements_non_class
  error - features\messaging\data\message_repository_test.dart:158:58 - The name 'EncryptionService' is defined in the libraries 'file:///D:/Games/VERASSO/test/mocks.dart' and 'package:verasso/features/messaging/services/encryption_service.dart'. Try using 'as prefix' for one of the import directives, or hiding the name from all but one of the imports. - ambiguous_import
  error - features\messaging\services\encryption_service_test.dart:9:8 - The name 'EncryptionService' is defined in the libraries 'file:///D:/Games/VERASSO/test/mocks.dart' and 'package:verasso/features/messaging/services/encryption_service.dart'. Try using 'as prefix' for one of the import directives, or hiding the name from all but one of the imports. - ambiguous_import
  error - features\messaging\services\encryption_service_test.dart:20:15 - 'EncryptionService' isn't a function. Try correcting the name to match an existing function, or define a method or function named 'EncryptionService'. - invocation_of_non_function
  error - features\messaging\services\encryption_service_test.dart:20:15 - The name 'EncryptionService' is defined in the libraries 'file:///D:/Games/VERASSO/test/mocks.dart' and 'package:verasso/features/messaging/services/encryption_service.dart'. Try using 'as prefix' for one of the import directives, or hiding the name from all but one of the imports. - ambiguous_import
  error - features\messaging\services\encryption_service_test.dart:127:25 - The argument type 'Map<String, String>' can't be assigned to the parameter type 'List<Map<String, dynamic>>?'.  - argument_type_not_assignable
  error - features\messaging\services\encryption_service_test.dart:144:51 - The named parameter 'shouldThrow' isn't defined. Try correcting the name to an existing named parameter's name, or defining a named parameter with the name 'shouldThrow'. - undefined_named_parameter
  error - features\messaging\services\encryption_service_test.dart:160:25 - The argument type 'Map<String, String>' can't be assigned to the parameter type 'List<Map<String, dynamic>>?'.  - argument_type_not_assignable
  error - features\messaging\services\encryption_service_test.dart:177:27 - The getter 'lastInsertTable' isn't defined for the type 'MockSupabaseClient'. Try importing the library that defines 'lastInsertTable', correcting the name to the name of an existing getter, or defining a getter or field named 'lastInsertTable'. - undefined_getter
  error - features\messaging\services\message_read_receipt_service_test.dart:106:48 - The named parameter 'shouldThrow' isn't defined. Try correcting the name to an existing named parameter's name, or defining a named parameter with the name 'shouldThrow'. - undefined_named_parameter
  error - features\messaging\services\message_read_receipt_service_test.dart:128:48 - The named parameter 'shouldThrow' isn't defined. Try correcting the name to an existing named parameter's name, or defining a named parameter with the name 'shouldThrow'. - undefined_named_parameter
  error - features\messaging\services\message_read_receipt_service_test.dart:139:9 - The named parameter 'countResponse' isn't defined. Try correcting the name to an existing named parameter's name, or defining a named parameter with the name 'countResponse'. - undefined_named_parameter
  error - features\messaging\services\message_read_receipt_service_test.dart:158:48 - The named parameter 'shouldThrow' isn't defined. Try correcting the name to an existing named parameter's name, or defining a named parameter with the name 'shouldThrow'. - undefined_named_parameter
  error - features\messaging\services\message_read_receipt_service_test.dart:169:9 - The named parameter 'countResponse' isn't defined. Try correcting the name to an existing named parameter's name, or defining a named parameter with the name 'countResponse'. - undefined_named_parameter
  error - features\messaging\services\message_read_receipt_service_test.dart:194:9 - The named parameter 'shouldThrow' isn't defined. Try correcting the name to an existing named parameter's name, or defining a named parameter with the name 'shouldThrow'. - undefined_named_parameter
  error - features\messaging\services\message_read_receipt_service_test.dart:254:20 - The method 'setStreamResponse' isn't defined for the type 'MockSupabaseClient'. Try correcting the name to the name of an existing method, or defining a method named 'setStreamResponse'. - undefined_method
  error - features\messaging\services\message_service_critical_test.dart:2:8 - Target of URI doesn't exist: 'package:verasso/features/messaging/models/message.dart'. Try creating the file referenced by the URI, or try using a URI for a file that does exist. - uri_does_not_exist
  error - features\messaging\services\message_service_critical_test.dart:3:8 - Target of URI doesn't exist: 'package:verasso/features/messaging/services/message_service.dart'. Try creating the file referenced by the URI, or try using a URI for a file that does exist. - uri_does_not_exist
  error - features\messaging\services\message_service_critical_test.dart:6:8 - Undefined class 'MessageService'. Try changing the name to the name of an existing class, or creating a class with the name 'MessageService'. - undefined_class
  error - features\messaging\services\message_service_critical_test.dart:9:22 - The function 'MessageService' isn't defined. Try importing the library that defines 'MessageService', correcting the name to the name of an existing function, or defining a function named 'MessageService'. - undefined_function
  error - features\messaging\services\message_service_critical_test.dart:88:27 - The function 'isNotEqualTo' isn't defined. Try importing the library that defines 'isNotEqualTo', correcting the name to the name of an existing function, or defining a function named 'isNotEqualTo'. - undefined_function
  error - features\messaging\services\messaging_encryption_service_test.dart:24:26 - The argument type 'MockEncryptionService' can't be assigned to the parameter type 'EncryptionService?'.  - argument_type_not_assignable
  error - features\messaging\services\messaging_encryption_service_test.dart:36:29 - The method 'setEncryptResult' isn't defined for the type 'MockEncryptionService'. Try correcting the name to the name of an existing method, or defining a method named 'setEncryptResult'. - undefined_method
  error - features\messaging\services\messaging_encryption_service_test.dart:49:29 - The method 'setEncryptThrow' isn't defined for the type 'MockEncryptionService'. Try correcting the name to the name of an existing method, or defining a method named 'setEncryptThrow'. - undefined_method
  error - features\messaging\services\messaging_encryption_service_test.dart:65:29 - The method 'setDecryptResult' isn't defined for the type 'MockEncryptionService'. Try correcting the name to the name of an existing method, or defining a method named 'setDecryptResult'. - undefined_method
  error - features\messaging\services\messaging_encryption_service_test.dart:81:29 - The method 'setDecryptThrow' isn't defined for the type 'MockEncryptionService'. Try correcting the name to the name of an existing method, or defining a method named 'setDecryptThrow'. - undefined_method
  error - features\messaging\services\messaging_encryption_service_test.dart:94:25 - The argument type 'Map<String, String>' can't be assigned to the parameter type 'List<Map<String, dynamic>>?'.  - argument_type_not_assignable
  error - features\messaging\services\messaging_encryption_service_test.dart:98:29 - The method 'setEncryptResult' isn't defined for the type 'MockEncryptionService'. Try correcting the name to the name of an existing method, or defining a method named 'setEncryptResult'. - undefined_method
  error - features\messaging\services\messaging_encryption_service_test.dart:103:27 - The getter 'lastInsertTable' isn't defined for the type 'MockSupabaseClient'. Try importing the library that defines 'lastInsertTable', correcting the name to the name of an existing getter, or defining a getter or field named 'lastInsertTable'. - undefined_getter
  error - features\messaging\services\messaging_encryption_service_test.dart:112:29 - The method 'setEncryptResult' isn't defined for the type 'MockEncryptionService'. Try correcting the name to the name of an existing method, or defining a method named 'setEncryptResult'. - undefined_method
  error - features\messaging\services\messaging_encryption_service_test.dart:117:27 - The getter 'lastInsertTable' isn't defined for the type 'MockSupabaseClient'. Try importing the library that defines 'lastInsertTable', correcting the name to the name of an existing getter, or defining a getter or field named 'lastInsertTable'. - undefined_getter
  error - features\messaging\services\messaging_encryption_service_test.dart:129:27 - The getter 'lastUpdateTable' isn't defined for the type 'MockSupabaseClient'. Try importing the library that defines 'lastUpdateTable', correcting the name to the name of an existing getter, or defining a getter or field named 'lastUpdateTable'. - undefined_getter
  error - features\messaging\services\messaging_encryption_service_test.dart:156:11 - The method 'setDecryptResult' isn't defined for the type 'MockEncryptionService'. Try correcting the name to the name of an existing method, or defining a method named 'setDecryptResult'. - undefined_method
  error - features\messaging\services\messaging_encryption_service_test.dart:157:11 - The method 'setDecryptResult' isn't defined for the type 'MockEncryptionService'. Try correcting the name to the name of an existing method, or defining a method named 'setDecryptResult'. - undefined_method
  error - features\messaging\services\messaging_encryption_service_test.dart:175:29 - The method 'setDecryptResult' isn't defined for the type 'MockEncryptionService'. Try correcting the name to the name of an existing method, or defining a method named 'setDecryptResult'. - undefined_method
  error - features\messaging\services\messaging_encryption_service_test.dart:193:25 - The argument type 'Map<String, String>' can't be assigned to the parameter type 'List<Map<String, dynamic>>?'.  - argument_type_not_assignable
  error - features\messaging\services\messaging_encryption_service_test.dart:211:25 - The argument type 'Map<String, String>' can't be assigned to the parameter type 'List<Map<String, dynamic>>?'.  - argument_type_not_assignable
  error - features\messaging\services\messaging_encryption_service_test.dart:225:48 - The named parameter 'shouldThrow' isn't defined. Try correcting the name to an existing named parameter's name, or defining a named parameter with the name 'shouldThrow'. - undefined_named_parameter
  error - features\news\data\news_repository_test.dart:43:57 - The argument type 'MockOfflineStorageService' can't be assigned to the parameter type 'OfflineStorageService'.  - argument_type_not_assignable
  error - features\profile\profile_screen_test.dart:64:32 - The argument type 'MockMasterySignatureService' can't be assigned to the parameter type 'MasterySignatureService'.  - argument_type_not_assignable
  error - features\recommendations\for_you_screen_test.dart:56:11 - Undefined name 'contentRecommendationServiceProvider'. Try correcting the name to one that is defined, or defining the name. - undefined_identifier
  error - features\settings\settings_screen_test.dart:54:13 - The argument type 'MockTokenStorageService' can't be assigned to the parameter type 'TokenStorageService'.  - argument_type_not_assignable
  error - features\settings\settings_screen_test.dart:55:13 - The argument type 'MockOfflineSecurityService' can't be assigned to the parameter type 'OfflineSecurityService'.  - argument_type_not_assignable
  error - features\social\data\feed_repository_test.dart:19:26 - The argument type 'MockModerationService' can't be assigned to the parameter type 'ModerationService'.  - argument_type_not_assignable
  error - features\social\data\story_repository_extended_test.dart:20:34 - The named parameter 'supabase' isn't defined. Try correcting the name to an existing named parameter's name, or defining a named parameter with the name 'supabase'. - undefined_named_parameter
  error - features\social\data\story_repository_extended_test.dart:29:20 - The named parameter 'file' is required, but there's no corresponding argument. Try adding the required argument. - missing_required_argument
  error - features\social\data\story_repository_extended_test.dart:31:11 - The named parameter 'content' isn't defined. Try correcting the name to an existing named parameter's name, or defining a named parameter with the name 'content'. - undefined_named_parameter
  error - features\social\data\story_repository_extended_test.dart:32:11 - The named parameter 'mediaType' isn't defined. Try correcting the name to an existing named parameter's name, or defining a named parameter with the name 'mediaType'. - undefined_named_parameter
  error - features\social\data\story_repository_extended_test.dart:37:27 - The getter 'lastInsertTable' isn't defined for the type 'MockSupabaseClient'. Try importing the library that defines 'lastInsertTable', correcting the name to the name of an existing getter, or defining a getter or field named 'lastInsertTable'. - undefined_getter
  error - features\social\data\story_repository_extended_test.dart:44:26 - The named parameter 'file' is required, but there's no corresponding argument. Try adding the required argument. - missing_required_argument
  error - features\social\data\story_repository_extended_test.dart:46:11 - The named parameter 'content' isn't defined. Try correcting the name to an existing named parameter's name, or defining a named parameter with the name 'content'. - undefined_named_parameter
  error - features\social\data\story_repository_extended_test.dart:47:11 - The named parameter 'mediaType' isn't defined. Try correcting the name to an existing named parameter's name, or defining a named parameter with the name 'mediaType'. - undefined_named_parameter
  error - features\social\data\story_repository_extended_test.dart:72:40 - The method 'getStories' isn't defined for the type 'StoryRepository'. Try correcting the name to the name of an existing method, or defining a method named 'getStories'. - undefined_method
  error - features\social\data\story_repository_extended_test.dart:88:40 - The method 'getStoriesForUser' isn't defined for the type 'StoryRepository'. Try correcting the name to the name of an existing method, or defining a method named 'getStoriesForUser'. - undefined_method
  error - features\social\data\story_repository_extended_test.dart:98:20 - The method 'deleteStory' isn't defined for the type 'StoryRepository'. Try correcting the name to the name of an existing method, or defining a method named 'deleteStory'. - undefined_method
  error - features\social\data\story_repository_extended_test.dart:102:27 - The getter 'lastUpdateTable' isn't defined for the type 'MockSupabaseClient'. Try importing the library that defines 'lastUpdateTable', correcting the name to the name of an existing getter, or defining a getter or field named 'lastUpdateTable'. - undefined_getter
  error - features\social\data\story_repository_extended_test.dart:110:20 - The method 'viewStory' isn't defined for the type 'StoryRepository'. Try correcting the name to the name of an existing method, or defining a method named 'viewStory'. - undefined_method
  error - features\social\data\story_repository_extended_test.dart:120:20 - The method 'reactToStory' isn't defined for the type 'StoryRepository'. Try correcting the name to the name of an existing method, or defining a method named 'reactToStory'. - undefined_method
  error - features\social\data\story_repository_extended_test.dart:142:38 - The method 'getStoryViews' isn't defined for the type 'StoryRepository'. Try correcting the name to the name of an existing method, or defining a method named 'getStoryViews'. - undefined_method
  error - features\social\data\story_repository_extended_test.dart:157:42 - The method 'getStoryReactions' isn't defined for the type 'StoryRepository'. Try correcting the name to the name of an existing method, or defining a method named 'getStoryReactions'. - undefined_method
  error - features\social\data\story_repository_extended_test.dart:167:20 - The method 'archiveExpiredStories' isn't defined for the type 'StoryRepository'. Try correcting the name to the name of an existing method, or defining a method named 'archiveExpiredStories'. - undefined_method
  error - features\social\data\story_repository_extended_test.dart:173:48 - The named parameter 'shouldThrow' isn't defined. Try correcting the name to an existing named parameter's name, or defining a named parameter with the name 'shouldThrow'. - undefined_named_parameter
  error - features\social\data\story_repository_extended_test.dart:176:40 - The method 'getStories' isn't defined for the type 'StoryRepository'. Try correcting the name to the name of an existing method, or defining a method named 'getStories'. - undefined_method
  error - features\social\data\story_repository_extended_test.dart:185:24 - The named parameter 'file' is required, but there's no corresponding argument. Try adding the required argument. - missing_required_argument
  error - features\social\data\story_repository_extended_test.dart:187:9 - The named parameter 'content' isn't defined. Try correcting the name to an existing named parameter's name, or defining a named parameter with the name 'content'. - undefined_named_parameter
  error - features\social\data\story_repository_extended_test.dart:188:9 - The named parameter 'mediaType' isn't defined. Try correcting the name to an existing named parameter's name, or defining a named parameter with the name 'mediaType'. - undefined_named_parameter
  error - features\social\data\story_repository_extended_test.dart:192:27 - The getter 'lastInsertTable' isn't defined for the type 'MockSupabaseClient'. Try importing the library that defines 'lastInsertTable', correcting the name to the name of an existing getter, or defining a getter or field named 'lastInsertTable'. - undefined_getter
  error - features\social\data\story_repository_extended_test.dart:214:40 - The method 'getStories' isn't defined for the type 'StoryRepository'. Try correcting the name to the name of an existing method, or defining a method named 'getStories'. - undefined_method
  error - features\social\data\story_repository_extended_test.dart:229:27 - The method 'viewStory' isn't defined for the type 'StoryRepository'. Try correcting the name to the name of an existing method, or defining a method named 'viewStory'. - undefined_method
  error - features\social\presentation\feed_screen_test.dart:6:1 - Directives must appear before any declarations. Try moving the directive before any declarations. - directive_after_declaration
  error - features\social\presentation\feed_screen_test.dart:7:1 - Directives must appear before any declarations. Try moving the directive before any declarations. - directive_after_declaration
  error - features\social\presentation\feed_screen_test.dart:8:1 - Directives must appear before any declarations. Try moving the directive before any declarations. - directive_after_declaration
  error - features\social\presentation\feed_screen_test.dart:9:1 - Directives must appear before any declarations. Try moving the directive before any declarations. - directive_after_declaration
  error - features\social\presentation\feed_screen_test.dart:10:1 - Directives must appear before any declarations. Try moving the directive before any declarations. - directive_after_declaration
  error - features\social\presentation\feed_screen_test.dart:11:1 - Directives must appear before any declarations. Try moving the directive before any declarations. - directive_after_declaration
  error - features\social\presentation\feed_screen_test.dart:15:1 - Directives must appear before any declarations. Try moving the directive before any declarations. - directive_after_declaration
  error - features\social\presentation\feed_screen_test.dart:16:1 - Directives must appear before any declarations. Try moving the directive before any declarations. - directive_after_declaration
  error - features\social\presentation\feed_screen_test.dart:17:1 - Directives must appear before any declarations. Try moving the directive before any declarations. - directive_after_declaration
  error - features\social\presentation\feed_screen_test.dart:18:1 - Directives must appear before any declarations. Try moving the directive before any declarations. - directive_after_declaration
  error - features\social\presentation\feed_screen_test.dart:19:1 - Directives must appear before any declarations. Try moving the directive before any declarations. - directive_after_declaration
  error - features\social\presentation\feed_screen_test.dart:20:1 - Directives must appear before any declarations. Try moving the directive before any declarations. - directive_after_declaration
  error - features\social\presentation\feed_screen_test.dart:21:1 - Directives must appear before any declarations. Try moving the directive before any declarations. - directive_after_declaration
  error - features\social\presentation\feed_screen_test.dart:22:1 - Directives must appear before any declarations. Try moving the directive before any declarations. - directive_after_declaration
  error - features\social\presentation\feed_screen_test.dart:23:1 - Directives must appear before any declarations. Try moving the directive before any declarations. - directive_after_declaration
  error - features\social\presentation\feed_screen_test.dart:25:1 - Directives must appear before any declarations. Try moving the directive before any declarations. - directive_after_declaration
  error - features\social\presentation\post_detail_screen_test.dart:83:9 - Undefined name 'moderationServiceProvider'. Try correcting the name to one that is defined, or defining the name. - undefined_identifier
  error - features\talent\data\job_repository_test.dart:22:37 - The argument type 'MockNetworkConnectivityService' can't be assigned to the parameter type 'NetworkConnectivityService'.  - argument_type_not_assignable
  error - features\talent\data\job_repository_test.dart:22:50 - The argument type 'MockOfflineStorageService' can't be assigned to the parameter type 'OfflineStorageService'.  - argument_type_not_assignable
  error - features\talent\data\job_repository_test.dart:22:63 - The argument type 'MockBluetoothMeshService' can't be assigned to the parameter type 'BluetoothMeshService'.  - argument_type_not_assignable
  error - features\talent\data\job_repository_test.dart:94:29 - The getter 'feedPost' isn't defined for the type 'MeshPayloadType'. Try importing the library that defines 'feedPost', correcting the name to the name of an existing getter, or defining a getter or field named 'feedPost'. - undefined_getter
  error - integration\auth_integration_test.dart:5:8 - Target of URI doesn't exist: '../../mocks.dart'. Try creating the file referenced by the URI, or try using a URI for a file that does exist. - uri_does_not_exist
  error - integration\auth_integration_test.dart:8:8 - Undefined class 'MockSupabaseClient'. Try changing the name to the name of an existing class, or creating a class with the name 'MockSupabaseClient'. - undefined_class
  error - integration\auth_integration_test.dart:9:8 - Undefined class 'MockGoTrueClient'. Try changing the name to the name of an existing class, or creating a class with the name 'MockGoTrueClient'. - undefined_class
  error - integration\auth_integration_test.dart:11:8 - Undefined class 'RateLimitService'. Try changing the name to the name of an existing class, or creating a class with the name 'RateLimitService'. - undefined_class
  error - integration\auth_integration_test.dart:14:20 - The function 'MockSupabaseClient' isn't defined. Try importing the library that defines 'MockSupabaseClient', correcting the name to the name of an existing function, or defining a function named 'MockSupabaseClient'. - undefined_function
  error - integration\auth_integration_test.dart:15:37 - The name 'MockGoTrueClient' isn't a type, so it can't be used in an 'as' expression. Try changing the name to the name of an existing type, or creating a type with the name 'MockGoTrueClient'. - cast_to_non_type
  error - integration\auth_integration_test.dart:17:24 - The function 'RateLimitService' isn't defined. Try importing the library that defines 'RateLimitService', correcting the name to the name of an existing function, or defining a function named 'RateLimitService'. - undefined_function
  error - integration\auth_integration_test.dart:23:23 - The function 'MockSupabaseQueryBuilder' isn't defined. Try importing the library that defines 'MockSupabaseQueryBuilder', correcting the name to the name of an existing function, or defining a function named 'MockSupabaseQueryBuilder'. - undefined_function
  error - integration\auth_integration_test.dart:27:24 - The function 'TestSupabaseUser' isn't defined. Try importing the library that defines 'TestSupabaseUser', correcting the name to the name of an existing function, or defining a function named 'TestSupabaseUser'. - undefined_function
  error - integration\auth_integration_test.dart:39:24 - The function 'TestSupabaseUser' isn't defined. Try importing the library that defines 'TestSupabaseUser', correcting the name to the name of an existing function, or defining a function named 'TestSupabaseUser'. - undefined_function
  error - integration\auth_integration_test.dart:50:24 - The function 'TestSupabaseUser' isn't defined. Try importing the library that defines 'TestSupabaseUser', correcting the name to the name of an existing function, or defining a function named 'TestSupabaseUser'. - undefined_function
  error - integration\auth_integration_test.dart:64:24 - The function 'TestSupabaseUser' isn't defined. Try importing the library that defines 'TestSupabaseUser', correcting the name to the name of an existing function, or defining a function named 'TestSupabaseUser'. - undefined_function
  error - integration\auth_integration_test.dart:70:23 - The function 'MockSupabaseQueryBuilder' isn't defined. Try importing the library that defines 'MockSupabaseQueryBuilder', correcting the name to the name of an existing function, or defining a function named 'MockSupabaseQueryBuilder'. - undefined_function
  error - integration\auth_integration_test.dart:78:24 - The function 'TestSupabaseUser' isn't defined. Try importing the library that defines 'TestSupabaseUser', correcting the name to the name of an existing function, or defining a function named 'TestSupabaseUser'. - undefined_function
  error - integration\auth_integration_test.dart:89:24 - The function 'TestSupabaseUser' isn't defined. Try importing the library that defines 'TestSupabaseUser', correcting the name to the name of an existing function, or defining a function named 'TestSupabaseUser'. - undefined_function
  error - integration\auth_integration_test.dart:95:23 - The function 'MockSupabaseQueryBuilder' isn't defined. Try importing the library that defines 'MockSupabaseQueryBuilder', correcting the name to the name of an existing function, or defining a function named 'MockSupabaseQueryBuilder'. - undefined_function
  error - integration\auth_integration_test.dart:102:23 - The function 'MockSupabaseQueryBuilder' isn't defined. Try importing the library that defines 'MockSupabaseQueryBuilder', correcting the name to the name of an existing function, or defining a function named 'MockSupabaseQueryBuilder'. - undefined_function
  error - integration\auth_integration_test.dart:110:24 - The function 'TestSupabaseUser' isn't defined. Try importing the library that defines 'TestSupabaseUser', correcting the name to the name of an existing function, or defining a function named 'TestSupabaseUser'. - undefined_function
  error - integration\auth_integration_test.dart:128:27 - The function 'RateLimitService' isn't defined. Try importing the library that defines 'RateLimitService', correcting the name to the name of an existing function, or defining a function named 'RateLimitService'. - undefined_function
  error - integration\auth_integration_test.dart:131:23 - The function 'MockSupabaseQueryBuilder' isn't defined. Try importing the library that defines 'MockSupabaseQueryBuilder', correcting the name to the name of an existing function, or defining a function named 'MockSupabaseQueryBuilder'. - undefined_function
  error - integration\auth_integration_test.dart:134:71 - Undefined name 'RateLimitType'. Try correcting the name to one that is defined, or defining the name. - undefined_identifier
  error - integration\auth_integration_test.dart:143:24 - The function 'TestSupabaseUser' isn't defined. Try importing the library that defines 'TestSupabaseUser', correcting the name to the name of an existing function, or defining a function named 'TestSupabaseUser'. - undefined_function
  error - integration\auth_integration_test.dart:149:30 - The function 'MockSupabaseQueryBuilder' isn't defined. Try importing the library that defines 'MockSupabaseQueryBuilder', correcting the name to the name of an existing function, or defining a function named 'MockSupabaseQueryBuilder'. - undefined_function
  error - integration\auth_integration_test.dart:162:24 - The function 'TestSupabaseUser' isn't defined. Try importing the library that defines 'TestSupabaseUser', correcting the name to the name of an existing function, or defining a function named 'TestSupabaseUser'. - undefined_function
  error - integration\auth_integration_test.dart:168:23 - The function 'MockSupabaseQueryBuilder' isn't defined. Try importing the library that defines 'MockSupabaseQueryBuilder', correcting the name to the name of an existing function, or defining a function named 'MockSupabaseQueryBuilder'. - undefined_function
  error - integration\auth_integration_test.dart:185:23 - The function 'MockSupabaseQueryBuilder' isn't defined. Try importing the library that defines 'MockSupabaseQueryBuilder', correcting the name to the name of an existing function, or defining a function named 'MockSupabaseQueryBuilder'. - undefined_function
  error - integration\auth_integration_test.dart:193:23 - The function 'MockSupabaseQueryBuilder' isn't defined. Try importing the library that defines 'MockSupabaseQueryBuilder', correcting the name to the name of an existing function, or defining a function named 'MockSupabaseQueryBuilder'. - undefined_function
  error - integration\auth_integration_test.dart:208:35 - The function 'TestSupabaseUser' isn't defined. Try importing the library that defines 'TestSupabaseUser', correcting the name to the name of an existing function, or defining a function named 'TestSupabaseUser'. - undefined_function
  error - integration\database_integration_test.dart:20:16 - Undefined name 'SupabaseService'. Try correcting the name to one that is defined, or defining the name. - undefined_identifier
  error - integration\database_integration_test.dart:25:28 - The function 'ModerationService' isn't defined. Try importing the library that defines 'ModerationService', correcting the name to the name of an existing function, or defining a function named 'ModerationService'. - undefined_function
  error - integration\database_integration_test.dart:72:19 - The name 'DatabaseException' isn't a type, so it can't be used as a type argument. Try correcting the name to an existing type, or defining a type named 'DatabaseException'. - non_type_as_type_argument
  error - integration\finance_integration_test.dart:4:8 - Target of URI doesn't exist: '../../mocks.dart'. Try creating the file referenced by the URI, or try using a URI for a file that does exist. - uri_does_not_exist
  error - integration\finance_integration_test.dart:7:8 - Undefined class 'MockSupabaseClient'. Try changing the name to the name of an existing class, or creating a class with the name 'MockSupabaseClient'. - undefined_class
  error - integration\finance_integration_test.dart:8:8 - Undefined class 'MockGoTrueClient'. Try changing the name to the name of an existing class, or creating a class with the name 'MockGoTrueClient'. - undefined_class
  error - integration\finance_integration_test.dart:11:20 - The function 'TestSupabaseUser' isn't defined. Try importing the library that defines 'TestSupabaseUser', correcting the name to the name of an existing function, or defining a function named 'TestSupabaseUser'. - undefined_function
  error - integration\finance_integration_test.dart:17:20 - The function 'MockSupabaseClient' isn't defined. Try importing the library that defines 'MockSupabaseClient', correcting the name to the name of an existing function, or defining a function named 'MockSupabaseClient'. - undefined_function
  error - integration\finance_integration_test.dart:18:37 - The name 'MockGoTrueClient' isn't a type, so it can't be used in an 'as' expression. Try changing the name to the name of an existing type, or creating a type with the name 'MockGoTrueClient'. - cast_to_non_type
  error - integration\finance_integration_test.dart:20:43 - 1 positional argument expected by 'FinanceRepository.new', but 0 found. Try adding the missing argument. - not_enough_positional_arguments
  error - integration\finance_integration_test.dart:20:43 - The named parameter 'client' isn't defined. Try correcting the name to an existing named parameter's name, or defining a named parameter with the name 'client'. - undefined_named_parameter
  error - integration\finance_integration_test.dart:27:11 - The function 'MockSupabaseQueryBuilder' isn't defined. Try importing the library that defines 'MockSupabaseQueryBuilder', correcting the name to the name of an existing function, or defining a function named 'MockSupabaseQueryBuilder'. - undefined_function
  error - integration\finance_integration_test.dart:31:27 - The method 'createTransaction' isn't defined for the type 'FinanceRepository'. Try correcting the name to the name of an existing method, or defining a method named 'createTransaction'. - undefined_method
  error - integration\finance_integration_test.dart:45:35 - The function 'MockSupabaseQueryBuilder' isn't defined. Try importing the library that defines 'MockSupabaseQueryBuilder', correcting the name to the name of an existing function, or defining a function named 'MockSupabaseQueryBuilder'. - undefined_function
  error - integration\finance_integration_test.dart:59:52 - The method 'getTransactions' isn't defined for the type 'FinanceRepository'. Try correcting the name to the name of an existing method, or defining a method named 'getTransactions'. - undefined_method
  error - integration\finance_integration_test.dart:67:30 - The function 'MockSupabaseQueryBuilder' isn't defined. Try importing the library that defines 'MockSupabaseQueryBuilder', correcting the name to the name of an existing function, or defining a function named 'MockSupabaseQueryBuilder'. - undefined_function
  error - integration\finance_integration_test.dart:77:47 - The method 'getAccount' isn't defined for the type 'FinanceRepository'. Try correcting the name to the name of an existing method, or defining a method named 'getAccount'. - undefined_method
  error - integration\finance_integration_test.dart:85:11 - The function 'MockSupabaseQueryBuilder' isn't defined. Try importing the library that defines 'MockSupabaseQueryBuilder', correcting the name to the name of an existing function, or defining a function named 'MockSupabaseQueryBuilder'. - undefined_function
  error - integration\finance_integration_test.dart:89:27 - The method 'createTransaction' isn't defined for the type 'FinanceRepository'. Try correcting the name to the name of an existing method, or defining a method named 'createTransaction'. - undefined_method
  error - integration\finance_integration_test.dart:106:35 - The function 'MockSupabaseQueryBuilder' isn't defined. Try importing the library that defines 'MockSupabaseQueryBuilder', correcting the name to the name of an existing function, or defining a function named 'MockSupabaseQueryBuilder'. - undefined_function
  error - integration\finance_integration_test.dart:122:52 - The method 'getTransactionsByDateRange' isn't defined for the type 'FinanceRepository'. Try correcting the name to the name of an existing method, or defining a method named 'getTransactionsByDateRange'. - undefined_method
  error - integration\finance_integration_test.dart:132:35 - The function 'MockSupabaseQueryBuilder' isn't defined. Try importing the library that defines 'MockSupabaseQueryBuilder', correcting the name to the name of an existing function, or defining a function named 'MockSupabaseQueryBuilder'. - undefined_function
  error - integration\finance_integration_test.dart:148:56 - The method 'getTransactionsByCategory' isn't defined for the type 'FinanceRepository'. Try correcting the name to the name of an existing method, or defining a method named 'getTransactionsByCategory'. - undefined_method
  error - integration\finance_integration_test.dart:158:35 - The function 'MockSupabaseQueryBuilder' isn't defined. Try importing the library that defines 'MockSupabaseQueryBuilder', correcting the name to the name of an existing function, or defining a function named 'MockSupabaseQueryBuilder'. - undefined_function
  error - integration\finance_integration_test.dart:177:52 - The method 'getTransactions' isn't defined for the type 'FinanceRepository'. Try correcting the name to the name of an existing method, or defining a method named 'getTransactions'. - undefined_method
  error - integration\finance_integration_test.dart:187:35 - The function 'MockSupabaseQueryBuilder' isn't defined. Try importing the library that defines 'MockSupabaseQueryBuilder', correcting the name to the name of an existing function, or defining a function named 'MockSupabaseQueryBuilder'. - undefined_function
  error - integration\finance_integration_test.dart:198:52 - The method 'getTransactions' isn't defined for the type 'FinanceRepository'. Try correcting the name to the name of an existing method, or defining a method named 'getTransactions'. - undefined_method
  error - integration\finance_integration_test.dart:205:11 - The function 'MockSupabaseQueryBuilder' isn't defined. Try importing the library that defines 'MockSupabaseQueryBuilder', correcting the name to the name of an existing function, or defining a function named 'MockSupabaseQueryBuilder'. - undefined_function
  error - integration\finance_integration_test.dart:209:27 - The method 'createTransaction' isn't defined for the type 'FinanceRepository'. Try correcting the name to the name of an existing method, or defining a method named 'createTransaction'. - undefined_method
  error - integration\finance_integration_test.dart:223:35 - The function 'MockSupabaseQueryBuilder' isn't defined. Try importing the library that defines 'MockSupabaseQueryBuilder', correcting the name to the name of an existing function, or defining a function named 'MockSupabaseQueryBuilder'. - undefined_function
  error - integration\finance_integration_test.dart:227:27 - The method 'deleteTransaction' isn't defined for the type 'FinanceRepository'. Try correcting the name to the name of an existing method, or defining a method named 'deleteTransaction'. - undefined_method
  error - integration\finance_integration_test.dart:235:35 - The function 'MockSupabaseQueryBuilder' isn't defined. Try importing the library that defines 'MockSupabaseQueryBuilder', correcting the name to the name of an existing function, or defining a function named 'MockSupabaseQueryBuilder'. - undefined_function
  error - integration\finance_integration_test.dart:239:27 - The method 'updateTransaction' isn't defined for the type 'FinanceRepository'. Try correcting the name to the name of an existing method, or defining a method named 'updateTransaction'. - undefined_method
  error - integration\finance_integration_test.dart:251:30 - The function 'MockSupabaseStorageBucket' isn't defined. Try importing the library that defines 'MockSupabaseStorageBucket', correcting the name to the name of an existing function, or defining a function named 'MockSupabaseStorageBucket'. - undefined_function
  error - integration\finance_integration_test.dart:255:27 - The method 'uploadReceipt' isn't defined for the type 'FinanceRepository'. Try correcting the name to the name of an existing method, or defining a method named 'uploadReceipt'. - undefined_method
  error - integration\finance_integration_test.dart:263:30 - The function 'MockSupabaseQueryBuilder' isn't defined. Try importing the library that defines 'MockSupabaseQueryBuilder', correcting the name to the name of an existing function, or defining a function named 'MockSupabaseQueryBuilder'. - undefined_function
  error - integration\finance_integration_test.dart:273:47 - The method 'getAccount' isn't defined for the type 'FinanceRepository'. Try correcting the name to the name of an existing method, or defining a method named 'getAccount'. - undefined_method
  error - integration\finance_integration_test.dart:279:30 - The function 'MockSupabaseQueryBuilder' isn't defined. Try importing the library that defines 'MockSupabaseQueryBuilder', correcting the name to the name of an existing function, or defining a function named 'MockSupabaseQueryBuilder'. - undefined_function
  error - integration\finance_integration_test.dart:288:47 - The method 'getAccount' isn't defined for the type 'FinanceRepository'. Try correcting the name to the name of an existing method, or defining a method named 'getAccount'. - undefined_method
  error - integration\finance_integration_test.dart:294:35 - The function 'MockSupabaseQueryBuilder' isn't defined. Try importing the library that defines 'MockSupabaseQueryBuilder', correcting the name to the name of an existing function, or defining a function named 'MockSupabaseQueryBuilder'. - undefined_function
  error - integration\finance_integration_test.dart:312:52 - The method 'getTransactions' isn't defined for the type 'FinanceRepository'. Try correcting the name to the name of an existing method, or defining a method named 'getTransactions'. - undefined_method
  error - integration\finance_integration_test.dart:318:29 - The function 'MockSupabaseQueryBuilder' isn't defined. Try importing the library that defines 'MockSupabaseQueryBuilder', correcting the name to the name of an existing function, or defining a function named 'MockSupabaseQueryBuilder'. - undefined_function
  error - integration\finance_integration_test.dart:328:46 - The method 'getBudget' isn't defined for the type 'FinanceRepository'. Try correcting the name to the name of an existing method, or defining a method named 'getBudget'. - undefined_method
  error - integration\finance_integration_test.dart:334:32 - The function 'MockSupabaseQueryBuilder' isn't defined. Try importing the library that defines 'MockSupabaseQueryBuilder', correcting the name to the name of an existing function, or defining a function named 'MockSupabaseQueryBuilder'. - undefined_function
  error - integration\finance_integration_test.dart:338:27 - The method 'createRecurringTransaction' isn't defined for the type 'FinanceRepository'. Try correcting the name to the name of an existing method, or defining a method named 'createRecurringTransaction'. - undefined_method
  error - integration\finance_integration_test.dart:362:35 - The function 'MockSupabaseQueryBuilder' isn't defined. Try importing the library that defines 'MockSupabaseQueryBuilder', correcting the name to the name of an existing function, or defining a function named 'MockSupabaseQueryBuilder'. - undefined_function
  error - integration\finance_integration_test.dart:367:52 - The method 'getTransactions' isn't defined for the type 'FinanceRepository'. Try correcting the name to the name of an existing method, or defining a method named 'getTransactions'. - undefined_method
  error - integration\finance_integration_test.dart:376:11 - The function 'MockSupabaseQueryBuilder' isn't defined. Try importing the library that defines 'MockSupabaseQueryBuilder', correcting the name to the name of an existing function, or defining a function named 'MockSupabaseQueryBuilder'. - undefined_function
  error - integration\finance_integration_test.dart:381:34 - The method 'createTransaction' isn't defined for the type 'FinanceRepository'. Try correcting the name to the name of an existing method, or defining a method named 'createTransaction'. - undefined_method
  error - integration\finance_integration_test.dart:398:11 - The function 'MockSupabaseQueryBuilder' isn't defined. Try importing the library that defines 'MockSupabaseQueryBuilder', correcting the name to the name of an existing function, or defining a function named 'MockSupabaseQueryBuilder'. - undefined_function
  error - integration\finance_integration_test.dart:404:34 - The method 'createTransaction' isn't defined for the type 'FinanceRepository'. Try correcting the name to the name of an existing method, or defining a method named 'createTransaction'. - undefined_method
  error - integration\finance_integration_test.dart:422:35 - The function 'MockSupabaseQueryBuilder' isn't defined. Try importing the library that defines 'MockSupabaseQueryBuilder', correcting the name to the name of an existing function, or defining a function named 'MockSupabaseQueryBuilder'. - undefined_function
  error - integration\finance_integration_test.dart:431:52 - The method 'getTransactions' isn't defined for the type 'FinanceRepository'. Try correcting the name to the name of an existing method, or defining a method named 'getTransactions'. - undefined_method
  error - integration\finance_integration_test.dart:446:35 - The function 'MockSupabaseQueryBuilder' isn't defined. Try importing the library that defines 'MockSupabaseQueryBuilder', correcting the name to the name of an existing function, or defining a function named 'MockSupabaseQueryBuilder'. - undefined_function
  error - integration\finance_integration_test.dart:460:23 - The function 'MockSupabaseQueryBuilder' isn't defined. Try importing the library that defines 'MockSupabaseQueryBuilder', correcting the name to the name of an existing function, or defining a function named 'MockSupabaseQueryBuilder'. - undefined_function
  error - integration\finance_integration_test.dart:473:35 - The function 'MockSupabaseQueryBuilder' isn't defined. Try importing the library that defines 'MockSupabaseQueryBuilder', correcting the name to the name of an existing function, or defining a function named 'MockSupabaseQueryBuilder'. - undefined_function
  error - integration\messaging_integration_test.dart:7:8 - Target of URI doesn't exist: 'package:verasso/test/mocks.dart'. Try creating the file referenced by the URI, or try using a URI for a file that does exist. - uri_does_not_exist
  error - integration\messaging_integration_test.dart:10:8 - Undefined class 'MockSupabaseClient'. Try changing the name to the name of an existing class, or creating a class with the name 'MockSupabaseClient'. - undefined_class
  error - integration\messaging_integration_test.dart:11:8 - Undefined class 'MockGoTrueClient'. Try changing the name to the name of an existing class, or creating a class with the name 'MockGoTrueClient'. - undefined_class
  error - integration\messaging_integration_test.dart:12:8 - Undefined class 'MockEncryptionService'. Try changing the name to the name of an existing class, or creating a class with the name 'MockEncryptionService'. - undefined_class
  error - integration\messaging_integration_test.dart:17:20 - The function 'TestSupabaseUser' isn't defined. Try importing the library that defines 'TestSupabaseUser', correcting the name to the name of an existing function, or defining a function named 'TestSupabaseUser'. - undefined_function
  error - integration\messaging_integration_test.dart:22:21 - The function 'TestSupabaseUser' isn't defined. Try importing the library that defines 'TestSupabaseUser', correcting the name to the name of an existing function, or defining a function named 'TestSupabaseUser'. - undefined_function
  error - integration\messaging_integration_test.dart:28:20 - The function 'MockSupabaseClient' isn't defined. Try importing the library that defines 'MockSupabaseClient', correcting the name to the name of an existing function, or defining a function named 'MockSupabaseClient'. - undefined_function
  error - integration\messaging_integration_test.dart:29:37 - The name 'MockGoTrueClient' isn't a type, so it can't be used in an 'as' expression. Try changing the name to the name of an existing type, or creating a type with the name 'MockGoTrueClient'. - cast_to_non_type
  error - integration\messaging_integration_test.dart:31:29 - The function 'MockEncryptionService' isn't defined. Try importing the library that defines 'MockEncryptionService', correcting the name to the name of an existing function, or defining a function named 'MockEncryptionService'. - undefined_function
  error - integration\messaging_integration_test.dart:32:25 - The named parameter 'encryptionService' is required, but there's no corresponding argument. Try adding the required argument. - missing_required_argument
  error - integration\messaging_integration_test.dart:32:25 - The named parameter 'gamificationRepository' is required, but there's no corresponding argument. Try adding the required argument. - missing_required_argument
  error - integration\messaging_integration_test.dart:45:31 - The function 'MockSupabaseQueryBuilder' isn't defined. Try importing the library that defines 'MockSupabaseQueryBuilder', correcting the name to the name of an existing function, or defining a function named 'MockSupabaseQueryBuilder'. - undefined_function
  error - integration\messaging_integration_test.dart:49:27 - The named parameter 'receiverId' is required, but there's no corresponding argument. Try adding the required argument. - missing_required_argument
  error - integration\messaging_integration_test.dart:51:11 - The named parameter 'recipientId' isn't defined. Try correcting the name to an existing named parameter's name, or defining a named parameter with the name 'recipientId'. - undefined_named_parameter
  error - integration\messaging_integration_test.dart:53:11 - The named parameter 'conversationId' isn't defined. Try correcting the name to an existing named parameter's name, or defining a named parameter with the name 'conversationId'. - undefined_named_parameter
  error - integration\messaging_integration_test.dart:64:31 - The function 'MockSupabaseQueryBuilder' isn't defined. Try importing the library that defines 'MockSupabaseQueryBuilder', correcting the name to the name of an existing function, or defining a function named 'MockSupabaseQueryBuilder'. - undefined_function
  error - integration\messaging_integration_test.dart:81:22 - The operator '[]' isn't defined for the type 'Stream<List<Message>>'. Try defining the operator '[]'. - undefined_operator
  error - integration\messaging_integration_test.dart:85:31 - The function 'MockSupabaseQueryBuilder' isn't defined. Try importing the library that defines 'MockSupabaseQueryBuilder', correcting the name to the name of an existing function, or defining a function named 'MockSupabaseQueryBuilder'. - undefined_function
  error - integration\messaging_integration_test.dart:101:22 - The operator '[]' isn't defined for the type 'Stream<List<Message>>'. Try defining the operator '[]'. - undefined_operator
  error - integration\messaging_integration_test.dart:106:11 - The function 'MockSupabaseQueryBuilder' isn't defined. Try importing the library that defines 'MockSupabaseQueryBuilder', correcting the name to the name of an existing function, or defining a function named 'MockSupabaseQueryBuilder'. - undefined_function
  error - integration\messaging_integration_test.dart:111:11 - 1 positional argument expected by 'markMessageAsRead', but 0 found. Try adding the missing argument. - not_enough_positional_arguments
  error - integration\messaging_integration_test.dart:111:11 - The named parameter 'messageId' isn't defined. Try correcting the name to an existing named parameter's name, or defining a named parameter with the name 'messageId'. - undefined_named_parameter
  error - integration\messaging_integration_test.dart:112:11 - The named parameter 'userId' isn't defined. Try correcting the name to an existing named parameter's name, or defining a named parameter with the name 'userId'. - undefined_named_parameter
  error - integration\messaging_integration_test.dart:121:35 - The function 'MockSupabaseQueryBuilder' isn't defined. Try importing the library that defines 'MockSupabaseQueryBuilder', correcting the name to the name of an existing function, or defining a function named 'MockSupabaseQueryBuilder'. - undefined_function
  error - integration\messaging_integration_test.dart:131:36 - The method 'getReadStatus' isn't defined for the type 'MessageReadReceiptService'. Try correcting the name to the name of an existing method, or defining a method named 'getReadStatus'. - undefined_method
  error - integration\messaging_integration_test.dart:137:31 - The function 'MockSupabaseQueryBuilder' isn't defined. Try importing the library that defines 'MockSupabaseQueryBuilder', correcting the name to the name of an existing function, or defining a function named 'MockSupabaseQueryBuilder'. - undefined_function
  error - integration\messaging_integration_test.dart:157:35 - The method 'getUnreadCount' isn't defined for the type 'MessageRepository'. Try correcting the name to the name of an existing method, or defining a method named 'getUnreadCount'. - undefined_method
  error - integration\messaging_integration_test.dart:163:31 - The function 'MockSupabaseQueryBuilder' isn't defined. Try importing the library that defines 'MockSupabaseQueryBuilder', correcting the name to the name of an existing function, or defining a function named 'MockSupabaseQueryBuilder'. - undefined_function
  error - integration\messaging_integration_test.dart:169:27 - The method 'sendGroupMessage' isn't defined for the type 'MessageRepository'. Try correcting the name to the name of an existing method, or defining a method named 'sendGroupMessage'. - undefined_method
  error - integration\messaging_integration_test.dart:188:11 - 2 positional arguments expected by 'encryptMessage', but 0 found. Try adding the missing arguments. - not_enough_positional_arguments
  error - integration\messaging_integration_test.dart:188:11 - The named parameter 'content' isn't defined. Try correcting the name to an existing named parameter's name, or defining a named parameter with the name 'content'. - undefined_named_parameter
  error - integration\messaging_integration_test.dart:189:11 - The named parameter 'conversationKey' isn't defined. Try correcting the name to an existing named parameter's name, or defining a named parameter with the name 'conversationKey'. - undefined_named_parameter
  error - integration\messaging_integration_test.dart:196:34 - The function 'MockSupabaseQueryBuilder' isn't defined. Try importing the library that defines 'MockSupabaseQueryBuilder', correcting the name to the name of an existing function, or defining a function named 'MockSupabaseQueryBuilder'. - undefined_function
  error - integration\messaging_integration_test.dart:201:11 - 1 positional argument expected by 'uploadAttachment', but 0 found. Try adding the missing argument. - not_enough_positional_arguments
  error - integration\messaging_integration_test.dart:201:11 - The named parameter 'messageId' isn't defined. Try correcting the name to an existing named parameter's name, or defining a named parameter with the name 'messageId'. - undefined_named_parameter
  error - integration\messaging_integration_test.dart:202:11 - The named parameter 'filePath' isn't defined. Try correcting the name to an existing named parameter's name, or defining a named parameter with the name 'filePath'. - undefined_named_parameter
  error - integration\messaging_integration_test.dart:209:31 - The function 'MockSupabaseQueryBuilder' isn't defined. Try importing the library that defines 'MockSupabaseQueryBuilder', correcting the name to the name of an existing function, or defining a function named 'MockSupabaseQueryBuilder'. - undefined_function
  error - integration\messaging_integration_test.dart:213:27 - The method 'deleteMessage' isn't defined for the type 'MessageRepository'. Try correcting the name to the name of an existing method, or defining a method named 'deleteMessage'. - undefined_method
  error - integration\messaging_integration_test.dart:223:31 - The function 'MockSupabaseQueryBuilder' isn't defined. Try importing the library that defines 'MockSupabaseQueryBuilder', correcting the name to the name of an existing function, or defining a function named 'MockSupabaseQueryBuilder'. - undefined_function
  error - integration\messaging_integration_test.dart:227:27 - The method 'updateMessage' isn't defined for the type 'MessageRepository'. Try correcting the name to the name of an existing method, or defining a method named 'updateMessage'. - undefined_method
  error - integration\messaging_integration_test.dart:241:31 - The function 'MockSupabaseQueryBuilder' isn't defined. Try importing the library that defines 'MockSupabaseQueryBuilder', correcting the name to the name of an existing function, or defining a function named 'MockSupabaseQueryBuilder'. - undefined_function
  error - integration\messaging_integration_test.dart:250:47 - The method 'searchMessages' isn't defined for the type 'MessageRepository'. Try correcting the name to the name of an existing method, or defining a method named 'searchMessages'. - undefined_method
  error - integration\messaging_integration_test.dart:261:36 - The function 'MockSupabaseQueryBuilder' isn't defined. Try importing the library that defines 'MockSupabaseQueryBuilder', correcting the name to the name of an existing function, or defining a function named 'MockSupabaseQueryBuilder'. - undefined_function
  error - integration\messaging_integration_test.dart:274:35 - The method 'getConversation' isn't defined for the type 'MessageRepository'. Try correcting the name to the name of an existing method, or defining a method named 'getConversation'. - undefined_method
  error - integration\messaging_integration_test.dart:281:36 - The function 'MockSupabaseQueryBuilder' isn't defined. Try importing the library that defines 'MockSupabaseQueryBuilder', correcting the name to the name of an existing function, or defining a function named 'MockSupabaseQueryBuilder'. - undefined_function
  error - integration\messaging_integration_test.dart:285:27 - The method 'archiveConversation' isn't defined for the type 'MessageRepository'. Try correcting the name to the name of an existing method, or defining a method named 'archiveConversation'. - undefined_method
  error - integration\messaging_integration_test.dart:293:36 - The function 'MockSupabaseQueryBuilder' isn't defined. Try importing the library that defines 'MockSupabaseQueryBuilder', correcting the name to the name of an existing function, or defining a function named 'MockSupabaseQueryBuilder'. - undefined_function
  error - integration\messaging_integration_test.dart:303:35 - The method 'getConversation' isn't defined for the type 'MessageRepository'. Try correcting the name to the name of an existing method, or defining a method named 'getConversation'. - undefined_method
  error - integration\messaging_integration_test.dart:324:11 - The function 'MockSupabaseQueryBuilder' isn't defined. Try importing the library that defines 'MockSupabaseQueryBuilder', correcting the name to the name of an existing function, or defining a function named 'MockSupabaseQueryBuilder'. - undefined_function
  error - integration\messaging_integration_test.dart:336:31 - The function 'MockSupabaseQueryBuilder' isn't defined. Try importing the library that defines 'MockSupabaseQueryBuilder', correcting the name to the name of an existing function, or defining a function named 'MockSupabaseQueryBuilder'. - undefined_function
  error - integration\messaging_integration_test.dart:341:34 - The named parameter 'receiverId' is required, but there's no corresponding argument. Try adding the required argument. - missing_required_argument
  error - integration\messaging_integration_test.dart:343:11 - The named parameter 'recipientId' isn't defined. Try correcting the name to an existing named parameter's name, or defining a named parameter with the name 'recipientId'. - undefined_named_parameter
  error - integration\messaging_integration_test.dart:345:11 - The named parameter 'conversationId' isn't defined. Try correcting the name to an existing named parameter's name, or defining a named parameter with the name 'conversationId'. - undefined_named_parameter
  error - integration\messaging_integration_test.dart:357:11 - The function 'MockSupabaseQueryBuilder' isn't defined. Try importing the library that defines 'MockSupabaseQueryBuilder', correcting the name to the name of an existing function, or defining a function named 'MockSupabaseQueryBuilder'. - undefined_function
  error - integration\messaging_integration_test.dart:365:11 - 1 positional argument expected by 'markMessageAsRead', but 0 found. Try adding the missing argument. - not_enough_positional_arguments
  error - integration\messaging_integration_test.dart:365:11 - The named parameter 'messageId' isn't defined. Try correcting the name to an existing named parameter's name, or defining a named parameter with the name 'messageId'. - undefined_named_parameter
  error - integration\messaging_integration_test.dart:366:11 - The named parameter 'userId' isn't defined. Try correcting the name to an existing named parameter's name, or defining a named parameter with the name 'userId'. - undefined_named_parameter
  error - integration\messaging_integration_test.dart:379:31 - The function 'MockSupabaseQueryBuilder' isn't defined. Try importing the library that defines 'MockSupabaseQueryBuilder', correcting the name to the name of an existing function, or defining a function named 'MockSupabaseQueryBuilder'. - undefined_function
  error - integration\messaging_integration_test.dart:394:23 - The function 'MockSupabaseQueryBuilder' isn't defined. Try importing the library that defines 'MockSupabaseQueryBuilder', correcting the name to the name of an existing function, or defining a function named 'MockSupabaseQueryBuilder'. - undefined_function
  error - integration\messaging_integration_test.dart:407:31 - The function 'MockSupabaseQueryBuilder' isn't defined. Try importing the library that defines 'MockSupabaseQueryBuilder', correcting the name to the name of an existing function, or defining a function named 'MockSupabaseQueryBuilder'. - undefined_function
  error - integration\post_integration_test.dart:5:8 - Target of URI doesn't exist: 'package:verasso/test/mocks.dart'. Try creating the file referenced by the URI, or try using a URI for a file that does exist. - uri_does_not_exist
  error - integration\post_integration_test.dart:8:8 - Undefined class 'MockSupabaseClient'. Try changing the name to the name of an existing class, or creating a class with the name 'MockSupabaseClient'. - undefined_class
  error - integration\post_integration_test.dart:9:8 - Undefined class 'MockGoTrueClient'. Try changing the name to the name of an existing class, or creating a class with the name 'MockGoTrueClient'. - undefined_class
  error - integration\post_integration_test.dart:13:20 - The function 'TestSupabaseUser' isn't defined. Try importing the library that defines 'TestSupabaseUser', correcting the name to the name of an existing function, or defining a function named 'TestSupabaseUser'. - undefined_function
  error - integration\post_integration_test.dart:19:20 - The function 'MockSupabaseClient' isn't defined. Try importing the library that defines 'MockSupabaseClient', correcting the name to the name of an existing function, or defining a function named 'MockSupabaseClient'. - undefined_function
  error - integration\post_integration_test.dart:20:37 - The name 'MockGoTrueClient' isn't a type, so it can't be used in an 'as' expression. Try changing the name to the name of an existing type, or creating a type with the name 'MockGoTrueClient'. - cast_to_non_type
  error - integration\post_integration_test.dart:22:22 - The named parameter 'gamificationRepository' is required, but there's no corresponding argument. Try adding the required argument. - missing_required_argument
  error - integration\post_integration_test.dart:22:22 - The named parameter 'moderationService' is required, but there's no corresponding argument. Try adding the required argument. - missing_required_argument
  error - integration\post_integration_test.dart:29:28 - The function 'MockSupabaseQueryBuilder' isn't defined. Try importing the library that defines 'MockSupabaseQueryBuilder', correcting the name to the name of an existing function, or defining a function named 'MockSupabaseQueryBuilder'. - undefined_function
  error - integration\post_integration_test.dart:40:11 - The named parameter 'mediaUrls' isn't defined. Try correcting the name to an existing named parameter's name, or defining a named parameter with the name 'mediaUrls'. - undefined_named_parameter
  error - integration\post_integration_test.dart:49:27 - The function 'MockSupabaseQueryBuilder' isn't defined. Try importing the library that defines 'MockSupabaseQueryBuilder', correcting the name to the name of an existing function, or defining a function named 'MockSupabaseQueryBuilder'. - undefined_function
  error - integration\post_integration_test.dart:63:42 - The method 'getFeedPosts' isn't defined for the type 'FeedRepository'. Try correcting the name to the name of an existing method, or defining a method named 'getFeedPosts'. - undefined_method
  error - integration\post_integration_test.dart:70:28 - The function 'MockSupabaseQueryBuilder' isn't defined. Try importing the library that defines 'MockSupabaseQueryBuilder', correcting the name to the name of an existing function, or defining a function named 'MockSupabaseQueryBuilder'. - undefined_function
  error - integration\post_integration_test.dart:72:28 - The function 'MockSupabaseQueryBuilder' isn't defined. Try importing the library that defines 'MockSupabaseQueryBuilder', correcting the name to the name of an existing function, or defining a function named 'MockSupabaseQueryBuilder'. - undefined_function
  error - integration\post_integration_test.dart:92:30 - The function 'MockSupabaseQueryBuilder' isn't defined. Try importing the library that defines 'MockSupabaseQueryBuilder', correcting the name to the name of an existing function, or defining a function named 'MockSupabaseQueryBuilder'. - undefined_function
  error - integration\post_integration_test.dart:96:27 - The method 'createComment' isn't defined for the type 'CommentRepository'. Try correcting the name to the name of an existing method, or defining a method named 'createComment'. - undefined_method
  error - integration\post_integration_test.dart:108:31 - The function 'MockSupabaseQueryBuilder' isn't defined. Try importing the library that defines 'MockSupabaseQueryBuilder', correcting the name to the name of an existing function, or defining a function named 'MockSupabaseQueryBuilder'. - undefined_function
  error - integration\post_integration_test.dart:123:48 - The method 'getPostComments' isn't defined for the type 'CommentRepository'. Try correcting the name to the name of an existing method, or defining a method named 'getPostComments'. - undefined_method
  error - integration\post_integration_test.dart:130:28 - The function 'MockSupabaseQueryBuilder' isn't defined. Try importing the library that defines 'MockSupabaseQueryBuilder', correcting the name to the name of an existing function, or defining a function named 'MockSupabaseQueryBuilder'. - undefined_function
  error - integration\post_integration_test.dart:134:24 - The method 'unlikePost' isn't defined for the type 'FeedRepository'. Try correcting the name to the name of an existing method, or defining a method named 'unlikePost'. - undefined_method
  error - integration\post_integration_test.dart:142:28 - The function 'MockSupabaseQueryBuilder' isn't defined. Try importing the library that defines 'MockSupabaseQueryBuilder', correcting the name to the name of an existing function, or defining a function named 'MockSupabaseQueryBuilder'. - undefined_function
  error - integration\post_integration_test.dart:146:24 - The method 'deletePost' isn't defined for the type 'FeedRepository'. Try correcting the name to the name of an existing method, or defining a method named 'deletePost'. - undefined_method
  error - integration\post_integration_test.dart:154:31 - The function 'MockSupabaseQueryBuilder' isn't defined. Try importing the library that defines 'MockSupabaseQueryBuilder', correcting the name to the name of an existing function, or defining a function named 'MockSupabaseQueryBuilder'. - undefined_function
  error - integration\post_integration_test.dart:158:27 - The method 'deleteComment' isn't defined for the type 'CommentRepository'. Try correcting the name to the name of an existing method, or defining a method named 'deleteComment'. - undefined_method
  error - integration\post_integration_test.dart:164:28 - The function 'MockSupabaseQueryBuilder' isn't defined. Try importing the library that defines 'MockSupabaseQueryBuilder', correcting the name to the name of an existing function, or defining a function named 'MockSupabaseQueryBuilder'. - undefined_function
  error - integration\post_integration_test.dart:170:24 - The named parameter 'content' is required, but there's no corresponding argument. Try adding the required argument. - missing_required_argument
  error - integration\post_integration_test.dart:170:24 - The named parameter 'postId' is required, but there's no corresponding argument. Try adding the required argument. - missing_required_argument
  error - integration\post_integration_test.dart:170:35 - Too many positional arguments: 0 expected, but 2 found. Try removing the extra positional arguments, or specifying the name for named arguments. - extra_positional_arguments_could_be_named
  error - integration\post_integration_test.dart:180:28 - The function 'MockSupabaseQueryBuilder' isn't defined. Try importing the library that defines 'MockSupabaseQueryBuilder', correcting the name to the name of an existing function, or defining a function named 'MockSupabaseQueryBuilder'. - undefined_function
  error - integration\post_integration_test.dart:191:42 - The method 'getFeedPosts' isn't defined for the type 'FeedRepository'. Try correcting the name to the name of an existing method, or defining a method named 'getFeedPosts'. - undefined_method
  error - integration\post_integration_test.dart:197:28 - The function 'MockSupabaseQueryBuilder' isn't defined. Try importing the library that defines 'MockSupabaseQueryBuilder', correcting the name to the name of an existing function, or defining a function named 'MockSupabaseQueryBuilder'. - undefined_function
  error - integration\post_integration_test.dart:209:42 - The method 'getFeedPosts' isn't defined for the type 'FeedRepository'. Try correcting the name to the name of an existing method, or defining a method named 'getFeedPosts'. - undefined_method
  error - integration\post_integration_test.dart:215:31 - The function 'MockSupabaseQueryBuilder' isn't defined. Try importing the library that defines 'MockSupabaseQueryBuilder', correcting the name to the name of an existing function, or defining a function named 'MockSupabaseQueryBuilder'. - undefined_function
  error - integration\post_integration_test.dart:229:48 - The method 'getPostComments' isn't defined for the type 'CommentRepository'. Try correcting the name to the name of an existing method, or defining a method named 'getPostComments'. - undefined_method
  error - integration\post_integration_test.dart:251:27 - The function 'MockSupabaseQueryBuilder' isn't defined. Try importing the library that defines 'MockSupabaseQueryBuilder', correcting the name to the name of an existing function, or defining a function named 'MockSupabaseQueryBuilder'. - undefined_function
  error - integration\post_integration_test.dart:255:42 - The method 'getFeedPosts' isn't defined for the type 'FeedRepository'. Try correcting the name to the name of an existing method, or defining a method named 'getFeedPosts'. - undefined_method
  error - integration\post_integration_test.dart:263:28 - The function 'MockSupabaseQueryBuilder' isn't defined. Try importing the library that defines 'MockSupabaseQueryBuilder', correcting the name to the name of an existing function, or defining a function named 'MockSupabaseQueryBuilder'. - undefined_function
  error - integration\post_integration_test.dart:280:23 - The function 'MockSupabaseQueryBuilder' isn't defined. Try importing the library that defines 'MockSupabaseQueryBuilder', correcting the name to the name of an existing function, or defining a function named 'MockSupabaseQueryBuilder'. - undefined_function
  error - integration\post_integration_test.dart:293:28 - The function 'MockSupabaseQueryBuilder' isn't defined. Try importing the library that defines 'MockSupabaseQueryBuilder', correcting the name to the name of an existing function, or defining a function named 'MockSupabaseQueryBuilder'. - undefined_function
  error - integration\profile_integration_test.dart:3:8 - Target of URI doesn't exist: 'package:verasso/features/profile/data/follow_repository.dart'. Try creating the file referenced by the URI, or try using a URI for a file that does exist. - uri_does_not_exist
  error - integration\profile_integration_test.dart:5:8 - Target of URI doesn't exist: 'package:verasso/test/mocks.dart'. Try creating the file referenced by the URI, or try using a URI for a file that does exist. - uri_does_not_exist
  error - integration\profile_integration_test.dart:8:8 - Undefined class 'MockSupabaseClient'. Try changing the name to the name of an existing class, or creating a class with the name 'MockSupabaseClient'. - undefined_class
  error - integration\profile_integration_test.dart:9:8 - Undefined class 'MockGoTrueClient'. Try changing the name to the name of an existing class, or creating a class with the name 'MockGoTrueClient'. - undefined_class
  error - integration\profile_integration_test.dart:11:8 - Undefined class 'FollowRepository'. Try changing the name to the name of an existing class, or creating a class with the name 'FollowRepository'. - undefined_class
  error - integration\profile_integration_test.dart:13:20 - The function 'TestSupabaseUser' isn't defined. Try importing the library that defines 'TestSupabaseUser', correcting the name to the name of an existing function, or defining a function named 'TestSupabaseUser'. - undefined_function
  error - integration\profile_integration_test.dart:18:21 - The function 'TestSupabaseUser' isn't defined. Try importing the library that defines 'TestSupabaseUser', correcting the name to the name of an existing function, or defining a function named 'TestSupabaseUser'. - undefined_function
  error - integration\profile_integration_test.dart:24:20 - The function 'MockSupabaseClient' isn't defined. Try importing the library that defines 'MockSupabaseClient', correcting the name to the name of an existing function, or defining a function named 'MockSupabaseClient'. - undefined_function
  error - integration\profile_integration_test.dart:25:37 - The name 'MockGoTrueClient' isn't a type, so it can't be used in an 'as' expression. Try changing the name to the name of an existing type, or creating a type with the name 'MockGoTrueClient'. - cast_to_non_type
  error - integration\profile_integration_test.dart:28:24 - The function 'FollowRepository' isn't defined. Try importing the library that defines 'FollowRepository', correcting the name to the name of an existing function, or defining a function named 'FollowRepository'. - undefined_function
  error - integration\profile_integration_test.dart:34:31 - The function 'MockSupabaseQueryBuilder' isn't defined. Try importing the library that defines 'MockSupabaseQueryBuilder', correcting the name to the name of an existing function, or defining a function named 'MockSupabaseQueryBuilder'. - undefined_function
  error - integration\profile_integration_test.dart:38:27 - The method 'createProfile' isn't defined for the type 'ProfileRepository'. Try correcting the name to the name of an existing method, or defining a method named 'createProfile'. - undefined_method
  error - integration\profile_integration_test.dart:50:30 - The function 'MockSupabaseQueryBuilder' isn't defined. Try importing the library that defines 'MockSupabaseQueryBuilder', correcting the name to the name of an existing function, or defining a function named 'MockSupabaseQueryBuilder'. - undefined_function
  error - integration\profile_integration_test.dart:66:22 - The property 'fullName' can't be unconditionally accessed because the receiver can be 'null'. Try making the access conditional (using '?.') or adding a null check to the target ('!'). - unchecked_use_of_nullable_value
  error - integration\profile_integration_test.dart:67:22 - The property 'email' can't be unconditionally accessed because the receiver can be 'null'. Try making the access conditional (using '?.') or adding a null check to the target ('!'). - unchecked_use_of_nullable_value
  error - integration\profile_integration_test.dart:71:29 - The function 'MockSupabaseQueryBuilder' isn't defined. Try importing the library that defines 'MockSupabaseQueryBuilder', correcting the name to the name of an existing function, or defining a function named 'MockSupabaseQueryBuilder'. - undefined_function
  error - integration\profile_integration_test.dart:79:11 - 1 positional argument expected by 'updateProfile', but 0 found. Try adding the missing argument. - not_enough_positional_arguments
  error - integration\profile_integration_test.dart:79:11 - The named parameter 'userId' isn't defined. Try correcting the name to an existing named parameter's name, or defining a named parameter with the name 'userId'. - undefined_named_parameter
  error - integration\profile_integration_test.dart:80:11 - The named parameter 'fullName' isn't defined. Try correcting the name to an existing named parameter's name, or defining a named parameter with the name 'fullName'. - undefined_named_parameter
  error - integration\profile_integration_test.dart:81:11 - The named parameter 'bio' isn't defined. Try correcting the name to an existing named parameter's name, or defining a named parameter with the name 'bio'. - undefined_named_parameter
  error - integration\profile_integration_test.dart:82:11 - The named parameter 'avatarUrl' isn't defined. Try correcting the name to an existing named parameter's name, or defining a named parameter with the name 'avatarUrl'. - undefined_named_parameter
  error - integration\profile_integration_test.dart:91:30 - The function 'MockSupabaseStorageBucket' isn't defined. Try importing the library that defines 'MockSupabaseStorageBucket', correcting the name to the name of an existing function, or defining a function named 'MockSupabaseStorageBucket'. - undefined_function
  error - integration\profile_integration_test.dart:93:30 - The function 'MockSupabaseQueryBuilder' isn't defined. Try importing the library that defines 'MockSupabaseQueryBuilder', correcting the name to the name of an existing function, or defining a function named 'MockSupabaseQueryBuilder'. - undefined_function
  error - integration\profile_integration_test.dart:97:27 - The method 'uploadAvatar' isn't defined for the type 'ProfileRepository'. Try correcting the name to the name of an existing method, or defining a method named 'uploadAvatar'. - undefined_method
  error - integration\profile_integration_test.dart:103:30 - The function 'MockSupabaseQueryBuilder' isn't defined. Try importing the library that defines 'MockSupabaseQueryBuilder', correcting the name to the name of an existing function, or defining a function named 'MockSupabaseQueryBuilder'. - undefined_function
  error - integration\profile_integration_test.dart:113:30 - The function 'MockSupabaseQueryBuilder' isn't defined. Try importing the library that defines 'MockSupabaseQueryBuilder', correcting the name to the name of an existing function, or defining a function named 'MockSupabaseQueryBuilder'. - undefined_function
  error - integration\profile_integration_test.dart:128:30 - The function 'MockSupabaseQueryBuilder' isn't defined. Try importing the library that defines 'MockSupabaseQueryBuilder', correcting the name to the name of an existing function, or defining a function named 'MockSupabaseQueryBuilder'. - undefined_function
  error - integration\profile_integration_test.dart:141:22 - The property 'followerCount' can't be unconditionally accessed because the receiver can be 'null'. Try making the access conditional (using '?.') or adding a null check to the target ('!'). - unchecked_use_of_nullable_value
  error - integration\profile_integration_test.dart:145:30 - The function 'MockSupabaseQueryBuilder' isn't defined. Try importing the library that defines 'MockSupabaseQueryBuilder', correcting the name to the name of an existing function, or defining a function named 'MockSupabaseQueryBuilder'. - undefined_function
  error - integration\profile_integration_test.dart:160:32 - The function 'MockSupabaseQueryBuilder' isn't defined. Try importing the library that defines 'MockSupabaseQueryBuilder', correcting the name to the name of an existing function, or defining a function named 'MockSupabaseQueryBuilder'. - undefined_function
  error - integration\profile_integration_test.dart:187:32 - The function 'MockSupabaseQueryBuilder' isn't defined. Try importing the library that defines 'MockSupabaseQueryBuilder', correcting the name to the name of an existing function, or defining a function named 'MockSupabaseQueryBuilder'. - undefined_function
  error - integration\profile_integration_test.dart:206:30 - The function 'MockSupabaseQueryBuilder' isn't defined. Try importing the library that defines 'MockSupabaseQueryBuilder', correcting the name to the name of an existing function, or defining a function named 'MockSupabaseQueryBuilder'. - undefined_function
  error - integration\profile_integration_test.dart:223:22 - The property 'postCount' can't be unconditionally accessed because the receiver can be 'null'. Try making the access conditional (using '?.') or adding a null check to the target ('!'). - unchecked_use_of_nullable_value
  error - integration\profile_integration_test.dart:224:22 - The property 'followerCount' can't be unconditionally accessed because the receiver can be 'null'. Try making the access conditional (using '?.') or adding a null check to the target ('!'). - unchecked_use_of_nullable_value
  error - integration\profile_integration_test.dart:225:22 - The property 'xpTotal' can't be unconditionally accessed because the receiver can be 'null'. Try making the access conditional (using '?.') or adding a null check to the target ('!'). - unchecked_use_of_nullable_value
  error - integration\profile_integration_test.dart:229:30 - The function 'MockSupabaseQueryBuilder' isn't defined. Try importing the library that defines 'MockSupabaseQueryBuilder', correcting the name to the name of an existing function, or defining a function named 'MockSupabaseQueryBuilder'. - undefined_function
  error - integration\profile_integration_test.dart:233:27 - The method 'deleteProfile' isn't defined for the type 'ProfileRepository'. Try correcting the name to the name of an existing method, or defining a method named 'deleteProfile'. - undefined_method
  error - integration\profile_integration_test.dart:241:30 - The function 'MockSupabaseQueryBuilder' isn't defined. Try importing the library that defines 'MockSupabaseQueryBuilder', correcting the name to the name of an existing function, or defining a function named 'MockSupabaseQueryBuilder'. - undefined_function
  error - integration\profile_integration_test.dart:252:22 - The property 'isActive' can't be unconditionally accessed because the receiver can be 'null'. Try making the access conditional (using '?.') or adding a null check to the target ('!'). - unchecked_use_of_nullable_value
  error - integration\profile_integration_test.dart:258:30 - The function 'MockSupabaseQueryBuilder' isn't defined. Try importing the library that defines 'MockSupabaseQueryBuilder', correcting the name to the name of an existing function, or defining a function named 'MockSupabaseQueryBuilder'. - undefined_function
  error - integration\profile_integration_test.dart:269:22 - The property 'id' can't be unconditionally accessed because the receiver can be 'null'. Try making the access conditional (using '?.') or adding a null check to the target ('!'). - unchecked_use_of_nullable_value
  error - integration\profile_integration_test.dart:273:30 - The function 'MockSupabaseQueryBuilder' isn't defined. Try importing the library that defines 'MockSupabaseQueryBuilder', correcting the name to the name of an existing function, or defining a function named 'MockSupabaseQueryBuilder'. - undefined_function
  error - integration\profile_integration_test.dart:285:22 - The property 'followerCount' can't be unconditionally accessed because the receiver can be 'null'. Try making the access conditional (using '?.') or adding a null check to the target ('!'). - unchecked_use_of_nullable_value
  error - integration\profile_integration_test.dart:286:22 - The property 'followingCount' can't be unconditionally accessed because the receiver can be 'null'. Try making the access conditional (using '?.') or adding a null check to the target ('!'). - unchecked_use_of_nullable_value
  error - integration\profile_integration_test.dart:290:30 - The function 'MockSupabaseQueryBuilder' isn't defined. Try importing the library that defines 'MockSupabaseQueryBuilder', correcting the name to the name of an existing function, or defining a function named 'MockSupabaseQueryBuilder'. - undefined_function
  error - integration\profile_integration_test.dart:300:22 - The property 'avatarUrl' can't be unconditionally accessed because the receiver can be 'null'. Try making the access conditional (using '?.') or adding a null check to the target ('!'). - unchecked_use_of_nullable_value
  error - integration\profile_integration_test.dart:318:11 - The function 'MockSupabaseQueryBuilder' isn't defined. Try importing the library that defines 'MockSupabaseQueryBuilder', correcting the name to the name of an existing function, or defining a function named 'MockSupabaseQueryBuilder'. - undefined_function
  error - integration\profile_integration_test.dart:322:48 - The method 'getProfiles' isn't defined for the type 'ProfileRepository'. Try correcting the name to the name of an existing method, or defining a method named 'getProfiles'. - undefined_method
  error - integration\profile_integration_test.dart:330:30 - The function 'MockSupabaseQueryBuilder' isn't defined. Try importing the library that defines 'MockSupabaseQueryBuilder', correcting the name to the name of an existing function, or defining a function named 'MockSupabaseQueryBuilder'. - undefined_function
  error - integration\profile_integration_test.dart:360:30 - The function 'MockSupabaseQueryBuilder' isn't defined. Try importing the library that defines 'MockSupabaseQueryBuilder', correcting the name to the name of an existing function, or defining a function named 'MockSupabaseQueryBuilder'. - undefined_function
  error - integration\profile_integration_test.dart:374:11 - The function 'MockSupabaseQueryBuilder' isn't defined. Try importing the library that defines 'MockSupabaseQueryBuilder', correcting the name to the name of an existing function, or defining a function named 'MockSupabaseQueryBuilder'. - undefined_function
  error - integration\profile_integration_test.dart:388:23 - The function 'MockSupabaseQueryBuilder' isn't defined. Try importing the library that defines 'MockSupabaseQueryBuilder', correcting the name to the name of an existing function, or defining a function named 'MockSupabaseQueryBuilder'. - undefined_function
  error - integration\profile_integration_test.dart:396:30 - The function 'MockSupabaseQueryBuilder' isn't defined. Try importing the library that defines 'MockSupabaseQueryBuilder', correcting the name to the name of an existing function, or defining a function named 'MockSupabaseQueryBuilder'. - undefined_function
  error - integration\search_integration_test.dart:4:8 - Target of URI doesn't exist: '../../mocks.dart'. Try creating the file referenced by the URI, or try using a URI for a file that does exist. - uri_does_not_exist
  error - integration\search_integration_test.dart:7:8 - Undefined class 'MockSupabaseClient'. Try changing the name to the name of an existing class, or creating a class with the name 'MockSupabaseClient'. - undefined_class
  error - integration\search_integration_test.dart:8:8 - Undefined class 'MockGoTrueClient'. Try changing the name to the name of an existing class, or creating a class with the name 'MockGoTrueClient'. - undefined_class
  error - integration\search_integration_test.dart:11:20 - The function 'TestSupabaseUser' isn't defined. Try importing the library that defines 'TestSupabaseUser', correcting the name to the name of an existing function, or defining a function named 'TestSupabaseUser'. - undefined_function
  error - integration\search_integration_test.dart:17:20 - The function 'MockSupabaseClient' isn't defined. Try importing the library that defines 'MockSupabaseClient', correcting the name to the name of an existing function, or defining a function named 'MockSupabaseClient'. - undefined_function
  error - integration\search_integration_test.dart:18:37 - The name 'MockGoTrueClient' isn't a type, so it can't be used in an 'as' expression. Try changing the name to the name of an existing type, or creating a type with the name 'MockGoTrueClient'. - cast_to_non_type
  error - integration\search_integration_test.dart:26:29 - The function 'MockSupabaseQueryBuilder' isn't defined. Try importing the library that defines 'MockSupabaseQueryBuilder', correcting the name to the name of an existing function, or defining a function named 'MockSupabaseQueryBuilder'. - undefined_function
  error - integration\search_integration_test.dart:37:43 - The method 'search' isn't defined for the type 'SearchService'. Try correcting the name to the name of an existing method, or defining a method named 'search'. - undefined_method
  error - integration\search_integration_test.dart:44:28 - The function 'MockSupabaseQueryBuilder' isn't defined. Try importing the library that defines 'MockSupabaseQueryBuilder', correcting the name to the name of an existing function, or defining a function named 'MockSupabaseQueryBuilder'. - undefined_function
  error - integration\search_integration_test.dart:69:28 - The function 'MockSupabaseQueryBuilder' isn't defined. Try importing the library that defines 'MockSupabaseQueryBuilder', correcting the name to the name of an existing function, or defining a function named 'MockSupabaseQueryBuilder'. - undefined_function
  error - integration\search_integration_test.dart:100:29 - The function 'MockSupabaseQueryBuilder' isn't defined. Try importing the library that defines 'MockSupabaseQueryBuilder', correcting the name to the name of an existing function, or defining a function named 'MockSupabaseQueryBuilder'. - undefined_function
  error - integration\search_integration_test.dart:125:29 - The function 'MockSupabaseQueryBuilder' isn't defined. Try importing the library that defines 'MockSupabaseQueryBuilder', correcting the name to the name of an existing function, or defining a function named 'MockSupabaseQueryBuilder'. - undefined_function
  error - integration\search_integration_test.dart:144:43 - The method 'search' isn't defined for the type 'SearchService'. Try correcting the name to the name of an existing method, or defining a method named 'search'. - undefined_method
  error - integration\search_integration_test.dart:160:29 - The function 'MockSupabaseQueryBuilder' isn't defined. Try importing the library that defines 'MockSupabaseQueryBuilder', correcting the name to the name of an existing function, or defining a function named 'MockSupabaseQueryBuilder'. - undefined_function
  error - integration\search_integration_test.dart:164:41 - The method 'search' isn't defined for the type 'SearchService'. Try correcting the name to the name of an existing method, or defining a method named 'search'. - undefined_method
  error - integration\search_integration_test.dart:170:29 - The function 'MockSupabaseQueryBuilder' isn't defined. Try importing the library that defines 'MockSupabaseQueryBuilder', correcting the name to the name of an existing function, or defining a function named 'MockSupabaseQueryBuilder'. - undefined_function
  error - integration\search_integration_test.dart:177:41 - The method 'search' isn't defined for the type 'SearchService'. Try correcting the name to the name of an existing method, or defining a method named 'search'. - undefined_method
  error - integration\search_integration_test.dart:183:31 - The function 'MockSupabaseQueryBuilder' isn't defined. Try importing the library that defines 'MockSupabaseQueryBuilder', correcting the name to the name of an existing function, or defining a function named 'MockSupabaseQueryBuilder'. - undefined_function
  error - integration\search_integration_test.dart:192:43 - The method 'searchWithFilters' isn't defined for the type 'SearchService'. Try correcting the name to the name of an existing method, or defining a method named 'searchWithFilters'. - undefined_method
  error - integration\search_integration_test.dart:208:30 - The function 'MockSupabaseQueryBuilder' isn't defined. Try importing the library that defines 'MockSupabaseQueryBuilder', correcting the name to the name of an existing function, or defining a function named 'MockSupabaseQueryBuilder'. - undefined_function
  error - integration\search_integration_test.dart:216:43 - The method 'searchByDateRange' isn't defined for the type 'SearchService'. Try correcting the name to the name of an existing method, or defining a method named 'searchByDateRange'. - undefined_method
  error - integration\search_integration_test.dart:226:34 - The function 'MockSupabaseQueryBuilder' isn't defined. Try importing the library that defines 'MockSupabaseQueryBuilder', correcting the name to the name of an existing function, or defining a function named 'MockSupabaseQueryBuilder'. - undefined_function
  error - integration\search_integration_test.dart:235:43 - The method 'searchByUser' isn't defined for the type 'SearchService'. Try correcting the name to the name of an existing method, or defining a method named 'searchByUser'. - undefined_method
  error - integration\search_integration_test.dart:244:34 - The function 'MockSupabaseQueryBuilder' isn't defined. Try importing the library that defines 'MockSupabaseQueryBuilder', correcting the name to the name of an existing function, or defining a function named 'MockSupabaseQueryBuilder'. - undefined_function
  error - integration\search_integration_test.dart:251:47 - The method 'getSuggestions' isn't defined for the type 'SearchService'. Try correcting the name to the name of an existing method, or defining a method named 'getSuggestions'. - undefined_method
  error - integration\search_integration_test.dart:258:30 - The function 'MockSupabaseQueryBuilder' isn't defined. Try importing the library that defines 'MockSupabaseQueryBuilder', correcting the name to the name of an existing function, or defining a function named 'MockSupabaseQueryBuilder'. - undefined_function
  error - integration\search_integration_test.dart:266:43 - The method 'search' isn't defined for the type 'SearchService'. Try correcting the name to the name of an existing method, or defining a method named 'search'. - undefined_method
  error - integration\search_integration_test.dart:272:28 - The function 'MockSupabaseQueryBuilder' isn't defined. Try importing the library that defines 'MockSupabaseQueryBuilder', correcting the name to the name of an existing function, or defining a function named 'MockSupabaseQueryBuilder'. - undefined_function
  error - integration\search_integration_test.dart:280:43 - The method 'searchExactPhrase' isn't defined for the type 'SearchService'. Try correcting the name to the name of an existing method, or defining a method named 'searchExactPhrase'. - undefined_method
  error - integration\search_integration_test.dart:288:28 - The function 'MockSupabaseQueryBuilder' isn't defined. Try importing the library that defines 'MockSupabaseQueryBuilder', correcting the name to the name of an existing function, or defining a function named 'MockSupabaseQueryBuilder'. - undefined_function
  error - integration\search_integration_test.dart:292:23 - The method 'indexContent' isn't defined for the type 'SearchService'. Try correcting the name to the name of an existing method, or defining a method named 'indexContent'. - undefined_method
  error - integration\search_integration_test.dart:312:28 - The function 'MockSupabaseQueryBuilder' isn't defined. Try importing the library that defines 'MockSupabaseQueryBuilder', correcting the name to the name of an existing function, or defining a function named 'MockSupabaseQueryBuilder'. - undefined_function
  error - integration\search_integration_test.dart:316:30 - The method 'indexContent' isn't defined for the type 'SearchService'. Try correcting the name to the name of an existing method, or defining a method named 'indexContent'. - undefined_method
  error - integration\search_integration_test.dart:331:29 - The function 'MockSupabaseQueryBuilder' isn't defined. Try importing the library that defines 'MockSupabaseQueryBuilder', correcting the name to the name of an existing function, or defining a function named 'MockSupabaseQueryBuilder'. - undefined_function
  error - integration\search_integration_test.dart:338:27 - The method 'search' isn't defined for the type 'SearchService'. Try correcting the name to the name of an existing method, or defining a method named 'search'. - undefined_method
  error - integration\search_integration_test.dart:345:29 - The function 'MockSupabaseQueryBuilder' isn't defined. Try importing the library that defines 'MockSupabaseQueryBuilder', correcting the name to the name of an existing function, or defining a function named 'MockSupabaseQueryBuilder'. - undefined_function
  error - integration\search_integration_test.dart:351:30 - The method 'search' isn't defined for the type 'SearchService'. Try correcting the name to the name of an existing method, or defining a method named 'search'. - undefined_method
  error - integration\search_integration_test.dart:372:28 - The function 'MockSupabaseQueryBuilder' isn't defined. Try importing the library that defines 'MockSupabaseQueryBuilder', correcting the name to the name of an existing function, or defining a function named 'MockSupabaseQueryBuilder'. - undefined_function
  error - integration\search_integration_test.dart:377:43 - The method 'search' isn't defined for the type 'SearchService'. Try correcting the name to the name of an existing method, or defining a method named 'search'. - undefined_method
  error - integration\search_integration_test.dart:385:29 - The function 'MockSupabaseQueryBuilder' isn't defined. Try importing the library that defines 'MockSupabaseQueryBuilder', correcting the name to the name of an existing function, or defining a function named 'MockSupabaseQueryBuilder'. - undefined_function
  error - integration\search_integration_test.dart:392:30 - The method 'search' isn't defined for the type 'SearchService'. Try correcting the name to the name of an existing method, or defining a method named 'search'. - undefined_method
  error - integration\search_integration_test.dart:402:30 - The function 'MockSupabaseQueryBuilder' isn't defined. Try importing the library that defines 'MockSupabaseQueryBuilder', correcting the name to the name of an existing function, or defining a function named 'MockSupabaseQueryBuilder'. - undefined_function
  error - integration\search_integration_test.dart:412:43 - The method 'searchWithFilters' isn't defined for the type 'SearchService'. Try correcting the name to the name of an existing method, or defining a method named 'searchWithFilters'. - undefined_method
  error - integration\search_integration_test.dart:427:28 - The function 'MockSupabaseQueryBuilder' isn't defined. Try importing the library that defines 'MockSupabaseQueryBuilder', correcting the name to the name of an existing function, or defining a function named 'MockSupabaseQueryBuilder'. - undefined_function
  error - integration\search_integration_test.dart:430:43 - The method 'search' isn't defined for the type 'SearchService'. Try correcting the name to the name of an existing method, or defining a method named 'search'. - undefined_method
  error - integration\search_integration_test.dart:436:29 - The function 'MockSupabaseQueryBuilder' isn't defined. Try importing the library that defines 'MockSupabaseQueryBuilder', correcting the name to the name of an existing function, or defining a function named 'MockSupabaseQueryBuilder'. - undefined_function
  error - integration\search_integration_test.dart:441:43 - The method 'search' isn't defined for the type 'SearchService'. Try correcting the name to the name of an existing method, or defining a method named 'search'. - undefined_method
  error - integration\search_integration_test.dart:443:23 - The operands of the operator '||' must be assignable to 'bool'. - non_bool_operand
  error - integration\search_integration_test.dart:447:23 - The function 'MockSupabaseQueryBuilder' isn't defined. Try importing the library that defines 'MockSupabaseQueryBuilder', correcting the name to the name of an existing function, or defining a function named 'MockSupabaseQueryBuilder'. - undefined_function
  error - integration\search_integration_test.dart:460:26 - The function 'MockSupabaseQueryBuilder' isn't defined. Try importing the library that defines 'MockSupabaseQueryBuilder', correcting the name to the name of an existing function, or defining a function named 'MockSupabaseQueryBuilder'. - undefined_function
  error - integration\search_integration_test.dart:468:43 - The method 'search' isn't defined for the type 'SearchService'. Try correcting the name to the name of an existing method, or defining a method named 'search'. - undefined_method
  error - integration\search_integration_test.dart:477:29 - The function 'MockSupabaseQueryBuilder' isn't defined. Try importing the library that defines 'MockSupabaseQueryBuilder', correcting the name to the name of an existing function, or defining a function named 'MockSupabaseQueryBuilder'. - undefined_function
  error - integration\search_integration_test.dart:481:43 - The method 'search' isn't defined for the type 'SearchService'. Try correcting the name to the name of an existing method, or defining a method named 'search'. - undefined_method
  error - integration\search_integration_test.dart:483:23 - The operands of the operator '||' must be assignable to 'bool'. - non_bool_operand
  error - integration\security_integration_test.dart:3:1 - Directives must appear before any declarations. Try moving the directive before any declarations. - directive_after_declaration
  error - integration\security_integration_test.dart:5:1 - Directives must appear before any declarations. Try moving the directive before any declarations. - directive_after_declaration
  error - integration\security_integration_test.dart:6:1 - Directives must appear before any declarations. Try moving the directive before any declarations. - directive_after_declaration
  error - integration\security_integration_test.dart:35:43 - The method 'validateEmail' isn't defined for the type 'ValidationService'. Try correcting the name to the name of an existing method, or defining a method named 'validateEmail'. - undefined_method
  error - integration\security_integration_test.dart:49:43 - The method 'validateEmail' isn't defined for the type 'ValidationService'. Try correcting the name to the name of an existing method, or defining a method named 'validateEmail'. - undefined_method
  error - mocks.dart:40:1 - Directives must appear before any declarations. Try moving the directive before any declarations. - directive_after_declaration
  error - mocks.dart:41:1 - Directives must appear before any declarations. Try moving the directive before any declarations. - directive_after_declaration
  error - mocks.dart:42:1 - Directives must appear before any declarations. Try moving the directive before any declarations. - directive_after_declaration
  error - mocks.dart:43:1 - Directives must appear before any declarations. Try moving the directive before any declarations. - directive_after_declaration
  error - mocks.dart:44:1 - Directives must appear before any declarations. Try moving the directive before any declarations. - directive_after_declaration
  error - mocks.dart:45:1 - Directives must appear before any declarations. Try moving the directive before any declarations. - directive_after_declaration
  error - mocks.dart:46:1 - Directives must appear before any declarations. Try moving the directive before any declarations. - directive_after_declaration
  error - mocks.dart:47:1 - Directives must appear before any declarations. Try moving the directive before any declarations. - directive_after_declaration
  error - mocks.dart:48:1 - Directives must appear before any declarations. Try moving the directive before any declarations. - directive_after_declaration
  error - mocks.dart:49:1 - Directives must appear before any declarations. Try moving the directive before any declarations. - directive_after_declaration
  error - mocks.dart:50:1 - Directives must appear before any declarations. Try moving the directive before any declarations. - directive_after_declaration
  error - mocks.dart:51:1 - Directives must appear before any declarations. Try moving the directive before any declarations. - directive_after_declaration
  error - mocks.dart:52:1 - Directives must appear before any declarations. Try moving the directive before any declarations. - directive_after_declaration
  error - mocks.dart:53:1 - Directives must appear before any declarations. Try moving the directive before any declarations. - directive_after_declaration
  error - mocks.dart:54:1 - Directives must appear before any declarations. Try moving the directive before any declarations. - directive_after_declaration
  error - mocks.dart:55:1 - Directives must appear before any declarations. Try moving the directive before any declarations. - directive_after_declaration
  error - mocks.dart:56:1 - Directives must appear before any declarations. Try moving the directive before any declarations. - directive_after_declaration
  error - mocks.dart:57:1 - Directives must appear before any declarations. Try moving the directive before any declarations. - directive_after_declaration
  error - mocks.dart:58:1 - Directives must appear before any declarations. Try moving the directive before any declarations. - directive_after_declaration
  error - mocks.dart:59:1 - Directives must appear before any declarations. Try moving the directive before any declarations. - directive_after_declaration
  error - mocks.dart:60:1 - Directives must appear before any declarations. Try moving the directive before any declarations. - directive_after_declaration
  error - mocks.dart:61:1 - Directives must appear before any declarations. Try moving the directive before any declarations. - directive_after_declaration
  error - mocks.dart:62:1 - Directives must appear before any declarations. Try moving the directive before any declarations. - directive_after_declaration
  error - mocks.dart:63:1 - Directives must appear before any declarations. Try moving the directive before any declarations. - directive_after_declaration
  error - mocks.dart:64:1 - Directives must appear before any declarations. Try moving the directive before any declarations. - directive_after_declaration
  error - mocks.dart:65:1 - Directives must appear before any declarations. Try moving the directive before any declarations. - directive_after_declaration
  error - mocks.dart:66:1 - Directives must appear before any declarations. Try moving the directive before any declarations. - directive_after_declaration
  error - mocks.dart:67:1 - Directives must appear before any declarations. Try moving the directive before any declarations. - directive_after_declaration
  error - mocks.dart:68:1 - Directives must appear before any declarations. Try moving the directive before any declarations. - directive_after_declaration
  error - mocks.dart:69:1 - Directives must appear before any declarations. Try moving the directive before any declarations. - directive_after_declaration
  error - mocks.dart:70:1 - Directives must appear before any declarations. Try moving the directive before any declarations. - directive_after_declaration
  error - mocks.dart:71:1 - Directives must appear before any declarations. Try moving the directive before any declarations. - directive_after_declaration
  error - mocks.dart:72:1 - Directives must appear before any declarations. Try moving the directive before any declarations. - directive_after_declaration
  error - mocks.dart:73:1 - Directives must appear before any declarations. Try moving the directive before any declarations. - directive_after_declaration
  error - mocks.dart:74:1 - Directives must appear before any declarations. Try moving the directive before any declarations. - directive_after_declaration
  error - mocks.dart:75:1 - Directives must appear before any declarations. Try moving the directive before any declarations. - directive_after_declaration
  error - mocks.dart:76:1 - Directives must appear before any declarations. Try moving the directive before any declarations. - directive_after_declaration
  error - mocks.dart:168:51 - Classes and mixins can only implement other classes and mixins. Try specifying a class or mixin, or remove the name from the list. - implements_non_class
  error - mocks.dart:265:56 - Classes and mixins can only implement other classes and mixins. Try specifying a class or mixin, or remove the name from the list. - implements_non_class
  error - mocks.dart:274:32 - The method 'success' isn't defined for the type 'BiometricAuthResult'. Try correcting the name to the name of an existing method, or defining a method named 'success'. - undefined_method
  error - mocks.dart:318:56 - Classes and mixins can only implement other classes and mixins. Try specifying a class or mixin, or remove the name from the list. - implements_non_class
  error - mocks.dart:421:48 - Classes can only extend other classes. Try specifying a different superclass, or removing the extends clause. - extends_non_class
  error - mocks.dart:422:46 - Too many positional arguments: 0 expected, but 1 found. Try removing the extra arguments. - extra_positional_arguments
  error - mocks.dart:730:16 - Classes and mixins can only implement other classes and mixins. Try specifying a class or mixin, or remove the name from the list. - implements_non_class
  error - mocks.dart:768:53 - Classes and mixins can only implement other classes and mixins. Try specifying a class or mixin, or remove the name from the list. - implements_non_class
  error - mocks.dart:777:16 - Classes and mixins can only implement other classes and mixins. Try specifying a class or mixin, or remove the name from the list. - implements_non_class
  error - mocks.dart:789:43 - The getter 'online' isn't defined for the type 'NetworkStatus'. Try importing the library that defines 'online', correcting the name to the name of an existing getter, or defining a getter or field named 'online'. - undefined_getter
  error - mocks.dart:789:66 - The getter 'offline' isn't defined for the type 'NetworkStatus'. Try importing the library that defines 'offline', correcting the name to the name of an existing getter, or defining a getter or field named 'offline'. - undefined_getter
  error - mocks.dart:885:16 - Classes and mixins can only implement other classes and mixins. Try specifying a class or mixin, or remove the name from the list. - implements_non_class
  error - mocks.dart:896:57 - Classes and mixins can only implement other classes and mixins. Try specifying a class or mixin, or remove the name from the list. - implements_non_class
  error - mocks.dart:1111:52 - Classes and mixins can only implement other classes and mixins. Try specifying a class or mixin, or remove the name from the list. - implements_non_class
  error - mocks.dart:1166:53 - Classes and mixins can only implement other classes and mixins. Try specifying a class or mixin, or remove the name from the list. - implements_non_class
  error - mocks.dart:1264:57 - Classes and mixins can only implement other classes and mixins. Try specifying a class or mixin, or remove the name from the list. - implements_non_class
  error - mocks.dart:1487:55 - Classes and mixins can only implement other classes and mixins. Try specifying a class or mixin, or remove the name from the list. - implements_non_class
  error - mocks.dart:1547:16 - Classes and mixins can only implement other classes and mixins. Try specifying a class or mixin, or remove the name from the list. - implements_non_class
  error - mocks.dart:1547:24 - A class declaration must have a body, even if it is empty. Try adding an empty body. - expected_body
  error - mocks.dart:1547:28 - Expected a method, getter, setter or operator declaration. This appears to be incomplete code. Try removing it or completing it. - expected_executable
  error - mocks.dart:1547:29 - Functions must have an explicit list of parameters. Try adding a parameter list. - missing_function_parameters
  error - mocks.dart:1547:37 - A function body must be provided. Try adding a function body. - missing_function_body
  error - mocks.dart:1547:37 - Expected a method, getter, setter or operator declaration. This appears to be incomplete code. Try removing it or completing it. - expected_executable
  error - mocks.dart:1547:38 - Functions must have an explicit list of parameters. Try adding a parameter list. - missing_function_parameters
  error - mocks.dart:1547:56 - A function body must be provided. Try adding a function body. - missing_function_body
  error - mocks.dart:1547:56 - Expected a method, getter, setter or operator declaration. This appears to be incomplete code. Try removing it or completing it. - expected_executable
  error - mocks.dart:1547:57 - Functions must have an explicit list of parameters. Try adding a parameter list. - missing_function_parameters
  error - services\news_offline_test.dart:21:1 - Directives must appear before any declarations. Try moving the directive before any declarations. - directive_after_declaration
  error - services\news_offline_test.dart:22:1 - Directives must appear before any declarations. Try moving the directive before any declarations. - directive_after_declaration
  error - services\news_offline_test.dart:23:1 - Directives must appear before any declarations. Try moving the directive before any declarations. - directive_after_declaration
  error - services\news_offline_test.dart:24:1 - Directives must appear before any declarations. Try moving the directive before any declarations. - directive_after_declaration
  error - services\news_offline_test.dart:29:1 - Directives must appear before any declarations. Try moving the directive before any declarations. - directive_after_declaration
  error - services\news_offline_test.dart:30:1 - Directives must appear before any declarations. Try moving the directive before any declarations. - directive_after_declaration
  error - services\news_offline_test.dart:31:1 - Directives must appear before any declarations. Try moving the directive before any declarations. - directive_after_declaration
  error - services\news_offline_test.dart:133:17 - The name 'DatabaseException' isn't a class. Try correcting the name to match an existing class. - creation_with_non_type
  error - services\news_offline_test.dart:137:56 - Classes and mixins can only implement other classes and mixins. Try specifying a class or mixin, or remove the name from the list. - implements_non_class
  error - services\news_offline_test.dart:154:15 - The argument type 'MockBluetoothMeshService' can't be assigned to the parameter type 'BluetoothMeshService'.  - argument_type_not_assignable
  error - services\news_offline_test.dart:154:43 - The argument type 'MockOfflineStorageService' can't be assigned to the parameter type 'OfflineStorageService'.  - argument_type_not_assignable
  error - services\news_offline_test.dart:160:57 - Classes and mixins can only implement other classes and mixins. Try specifying a class or mixin, or remove the name from the list. - implements_non_class
  error - widget_test.dart:17:1 - Directives must appear before any declarations. Try moving the directive before any declarations. - directive_after_declaration
  error - widget_test.dart:18:1 - Directives must appear before any declarations. Try moving the directive before any declarations. - directive_after_declaration
  error - widget_test.dart:19:1 - Directives must appear before any declarations. Try moving the directive before any declarations. - directive_after_declaration
  error - widget_test.dart:20:1 - Directives must appear before any declarations. Try moving the directive before any declarations. - directive_after_declaration
  error - widget_test.dart:21:1 - Directives must appear before any declarations. Try moving the directive before any declarations. - directive_after_declaration
  error - widget_test.dart:23:1 - Directives must appear before any declarations. Try moving the directive before any declarations. - directive_after_declaration
  error - widget_test.dart:37:34 - The argument type 'MockTokenStorageService' can't be assigned to the parameter type 'Null'.  - argument_type_not_assignable
  error - widget_test.dart:39:34 - The argument type 'MockOfflineSecurityService' can't be assigned to the parameter type 'Null'.  - argument_type_not_assignable
  error - widget_test.dart:41:34 - The argument type 'MockOfflineStorageService' can't be assigned to the parameter type 'Null'.  - argument_type_not_assignable
warning - accessibility_audit_test.dart:1:8 - Unused import: 'package:flutter/material.dart'. Try removing the import directive. - unused_import
warning - e2e\e2e_auth_feed_test.dart:102:13 - The value of the local variable 'testPassword' isn't used. Try removing the variable or using it. - unused_local_variable
warning - e2e\e2e_messaging_test.dart:4:8 - Unused import: 'package:verasso/core/security/encryption_service.dart'. Try removing the import directive. - unused_import
warning - e2e\e2e_messaging_test.dart:329:13 - The value of the local variable 'searchTerm' isn't used. Try removing the variable or using it. - unused_local_variable
warning - e2e\e2e_messaging_test.dart:456:13 - The value of the local variable 'messageText' isn't used. Try removing the variable or using it. - unused_local_variable
warning - e2e\e2e_post_creation_test.dart:11:23 - The value of the local variable 'authRepository' isn't used. Try removing the variable or using it. - unused_local_variable
warning - e2e\e2e_post_creation_test.dart:446:13 - The value of the local variable 'postBefore' isn't used. Try removing the variable or using it. - unused_local_variable
warning - e2e\e2e_post_creation_test.dart:452:13 - The value of the local variable 'postAfter' isn't used. Try removing the variable or using it. - unused_local_variable
warning - features\messaging\data\message_repository_test.dart:124:18 - The method doesn't override an inherited method. Try updating this class to match the superclass, or removing the override annotation. - override_on_non_overriding_member
warning - features\messaging\data\message_repository_test.dart:132:31 - The method doesn't override an inherited method. Try updating this class to match the superclass, or removing the override annotation. - override_on_non_overriding_member
warning - features\messaging\data\message_repository_test.dart:143:16 - The method doesn't override an inherited method. Try updating this class to match the superclass, or removing the override annotation. - override_on_non_overriding_member
warning - features\messaging\data\message_repository_test.dart:160:18 - The method doesn't override an inherited method. Try updating this class to match the superclass, or removing the override annotation. - override_on_non_overriding_member
warning - features\messaging\data\message_repository_test.dart:166:16 - The method doesn't override an inherited method. Try updating this class to match the superclass, or removing the override annotation. - override_on_non_overriding_member
warning - integration\auth_integration_test.dart:10:23 - The value of the local variable 'authRepository' isn't used. Try removing the variable or using it. - unused_local_variable
warning - integration\auth_integration_test.dart:11:25 - The value of the local variable 'rateLimitService' isn't used. Try removing the variable or using it. - unused_local_variable
warning - integration\messaging_integration_test.dart:411:13 - The value of the local variable 'tooLongContent' isn't used. Try removing the variable or using it. - unused_local_variable
warning - integration\profile_integration_test.dart:106:13 - The value of the local variable 'longBio' isn't used. Try removing the variable or using it. - unused_local_variable
warning - mocks.dart:177:16 - The method doesn't override an inherited method. Try updating this class to match the superclass, or removing the override annotation. - override_on_non_overriding_member
warning - mocks.dart:271:31 - The method doesn't override an inherited method. Try updating this class to match the superclass, or removing the override annotation. - override_on_non_overriding_member
warning - mocks.dart:278:16 - The method doesn't override an inherited method. Try updating this class to match the superclass, or removing the override annotation. - override_on_non_overriding_member
warning - mocks.dart:283:16 - The method doesn't override an inherited method. Try updating this class to match the superclass, or removing the override annotation. - override_on_non_overriding_member
warning - mocks.dart:289:31 - The method doesn't override an inherited method. Try updating this class to match the superclass, or removing the override annotation. - override_on_non_overriding_member
warning - mocks.dart:294:18 - The method doesn't override an inherited method. Try updating this class to match the superclass, or removing the override annotation. - override_on_non_overriding_member
warning - mocks.dart:299:16 - The method doesn't override an inherited method. Try updating this class to match the superclass, or removing the override annotation. - override_on_non_overriding_member
warning - mocks.dart:304:16 - The method doesn't override an inherited method. Try updating this class to match the superclass, or removing the override annotation. - override_on_non_overriding_member
warning - mocks.dart:315:16 - The method doesn't override an inherited method. Try updating this class to match the superclass, or removing the override annotation. - override_on_non_overriding_member
warning - mocks.dart:324:12 - The getter doesn't override an inherited getter. Try updating this class to match the superclass, or removing the override annotation. - override_on_non_overriding_member
warning - mocks.dart:327:26 - The getter doesn't override an inherited getter. Try updating this class to match the superclass, or removing the override annotation. - override_on_non_overriding_member
warning - mocks.dart:330:16 - The method doesn't override an inherited method. Try updating this class to match the superclass, or removing the override annotation. - override_on_non_overriding_member
warning - mocks.dart:425:42 - The method doesn't override an inherited method. Try updating this class to match the superclass, or removing the override annotation. - override_on_non_overriding_member
warning - mocks.dart:732:10 - The method doesn't override an inherited method. Try updating this class to match the superclass, or removing the override annotation. - override_on_non_overriding_member
warning - mocks.dart:742:24 - The method doesn't override an inherited method. Try updating this class to match the superclass, or removing the override annotation. - override_on_non_overriding_member
warning - mocks.dart:747:8 - The method doesn't override an inherited method. Try updating this class to match the superclass, or removing the override annotation. - override_on_non_overriding_member
warning - mocks.dart:772:24 - The method doesn't override an inherited method. Try updating this class to match the superclass, or removing the override annotation. - override_on_non_overriding_member
warning - mocks.dart:782:20 - The getter doesn't override an inherited getter. Try updating this class to match the superclass, or removing the override annotation. - override_on_non_overriding_member
warning - mocks.dart:785:29 - The getter doesn't override an inherited getter. Try updating this class to match the superclass, or removing the override annotation. - override_on_non_overriding_member
warning - mocks.dart:887:16 - The method doesn't override an inherited method. Try updating this class to match the superclass, or removing the override annotation. - override_on_non_overriding_member
warning - mocks.dart:889:19 - The method doesn't override an inherited method. Try updating this class to match the superclass, or removing the override annotation. - override_on_non_overriding_member
warning - mocks.dart:891:16 - The method doesn't override an inherited method. Try updating this class to match the superclass, or removing the override annotation. - override_on_non_overriding_member
warning - mocks.dart:893:16 - The method doesn't override an inherited method. Try updating this class to match the superclass, or removing the override annotation. - override_on_non_overriding_member
warning - mocks.dart:901:16 - The method doesn't override an inherited method. Try updating this class to match the superclass, or removing the override annotation. - override_on_non_overriding_member
warning - mocks.dart:904:11 - The method doesn't override an inherited method. Try updating this class to match the superclass, or removing the override annotation. - override_on_non_overriding_member
warning - mocks.dart:912:16 - The method doesn't override an inherited method. Try updating this class to match the superclass, or removing the override annotation. - override_on_non_overriding_member
warning - mocks.dart:915:16 - The method doesn't override an inherited method. Try updating this class to match the superclass, or removing the override annotation. - override_on_non_overriding_member
warning - mocks.dart:1114:16 - The method doesn't override an inherited method. Try updating this class to match the superclass, or removing the override annotation. - override_on_non_overriding_member
warning - mocks.dart:1117:16 - The method doesn't override an inherited method. Try updating this class to match the superclass, or removing the override annotation. - override_on_non_overriding_member
warning - mocks.dart:1193:16 - The method doesn't override an inherited method. Try updating this class to match the superclass, or removing the override annotation. - override_on_non_overriding_member
warning - mocks.dart:1200:16 - The method doesn't override an inherited method. Try updating this class to match the superclass, or removing the override annotation. - override_on_non_overriding_member
warning - mocks.dart:1207:16 - The method doesn't override an inherited method. Try updating this class to match the superclass, or removing the override annotation. - override_on_non_overriding_member
warning - mocks.dart:1214:24 - The method doesn't override an inherited method. Try updating this class to match the superclass, or removing the override annotation. - override_on_non_overriding_member
warning - mocks.dart:1225:16 - The method doesn't override an inherited method. Try updating this class to match the superclass, or removing the override annotation. - override_on_non_overriding_member
warning - mocks.dart:1232:24 - The method doesn't override an inherited method. Try updating this class to match the superclass, or removing the override annotation. - override_on_non_overriding_member
warning - mocks.dart:1252:24 - The method doesn't override an inherited method. Try updating this class to match the superclass, or removing the override annotation. - override_on_non_overriding_member
warning - mocks.dart:1266:12 - The getter doesn't override an inherited getter. Try updating this class to match the superclass, or removing the override annotation. - override_on_non_overriding_member
warning - mocks.dart:1268:8 - The method doesn't override an inherited method. Try updating this class to match the superclass, or removing the override annotation. - override_on_non_overriding_member
warning - mocks.dart:1270:8 - The method doesn't override an inherited method. Try updating this class to match the superclass, or removing the override annotation. - override_on_non_overriding_member
warning - mocks.dart:1272:8 - The method doesn't override an inherited method. Try updating this class to match the superclass, or removing the override annotation. - override_on_non_overriding_member
warning - mocks.dart:1274:8 - The method doesn't override an inherited method. Try updating this class to match the superclass, or removing the override annotation. - override_on_non_overriding_member
warning - mocks.dart:1276:8 - The method doesn't override an inherited method. Try updating this class to match the superclass, or removing the override annotation. - override_on_non_overriding_member
warning - mocks.dart:1278:8 - The method doesn't override an inherited method. Try updating this class to match the superclass, or removing the override annotation. - override_on_non_overriding_member
warning - mocks.dart:1489:16 - The method doesn't override an inherited method. Try updating this class to match the superclass, or removing the override annotation. - override_on_non_overriding_member
warning - mocks.dart:1492:19 - The method doesn't override an inherited method. Try updating this class to match the superclass, or removing the override annotation. - override_on_non_overriding_member
warning - mocks.dart:1495:16 - The method doesn't override an inherited method. Try updating this class to match the superclass, or removing the override annotation. - override_on_non_overriding_member
warning - mocks.dart:1498:25 - The method doesn't override an inherited method. Try updating this class to match the superclass, or removing the override annotation. - override_on_non_overriding_member
warning - mocks.dart:1501:16 - The method doesn't override an inherited method. Try updating this class to match the superclass, or removing the override annotation. - override_on_non_overriding_member
warning - mocks.dart:1504:16 - The method doesn't override an inherited method. Try updating this class to match the superclass, or removing the override annotation. - override_on_non_overriding_member
warning - mocks.dart:1507:16 - The method doesn't override an inherited method. Try updating this class to match the superclass, or removing the override annotation. - override_on_non_overriding_member
warning - mocks.dart:1510:16 - The method doesn't override an inherited method. Try updating this class to match the superclass, or removing the override annotation. - override_on_non_overriding_member
warning - mocks.dart:1555:8 - The declaration 'setEncryptResult' isn't referenced. Try removing the declaration of 'setEncryptResult'. - unused_element
warning - mocks.dart:1556:8 - The declaration 'setDecryptResult' isn't referenced. Try removing the declaration of 'setDecryptResult'. - unused_element
warning - mocks.dart:1560:8 - The declaration 'setEncryptThrow' isn't referenced. Try removing the declaration of 'setEncryptThrow'. - unused_element
warning - mocks.dart:1561:8 - The declaration 'setDecryptThrow' isn't referenced. Try removing the declaration of 'setDecryptThrow'. - unused_element
warning - mocks.dart:1564:18 - The declaration 'decryptMessage' isn't referenced. Try removing the declaration of 'decryptMessage'. - unused_element
warning - mocks.dart:1574:31 - The declaration 'encryptMessage' isn't referenced. Try removing the declaration of 'encryptMessage'. - unused_element
warning - mocks.dart:1586:32 - The declaration 'encryptGroupMessage' isn't referenced. Try removing the declaration of 'encryptGroupMessage'. - unused_element
warning - mocks.dart:1598:16 - The declaration 'initializeKeys' isn't referenced. Try removing the declaration of 'initializeKeys'. - unused_element
warning - services\news_offline_test.dart:139:26 - The getter doesn't override an inherited getter. Try updating this class to match the superclass, or removing the override annotation. - override_on_non_overriding_member
warning - services\news_offline_test.dart:162:16 - The method doesn't override an inherited method. Try updating this class to match the superclass, or removing the override annotation. - override_on_non_overriding_member
warning - services\news_offline_test.dart:169:11 - The method doesn't override an inherited method. Try updating this class to match the superclass, or removing the override annotation. - override_on_non_overriding_member
   info - core\security\security_fixes_test.dart:395:7 - Statements in an if should be enclosed in a block. Try wrapping the statement in a block. - curly_braces_in_flow_control_structures
   info - e2e\e2e_messaging_test.dart:68:39 - Use interpolation to compose strings and values. Try using string interpolation to build the composite string. - prefer_interpolation_to_compose_strings
   info - e2e\e2e_messaging_test.dart:92:22 - Use interpolation to compose strings and values. Try using string interpolation to build the composite string. - prefer_interpolation_to_compose_strings
   info - e2e\e2e_messaging_test.dart:101:24 - Uses 'await' on an instance of 'Stream<List<Message>>', which is not a subtype of 'Future'. Try removing the 'await' or changing the expression. - await_only_futures
   info - e2e\e2e_messaging_test.dart:135:39 - Use interpolation to compose strings and values. Try using string interpolation to build the composite string. - prefer_interpolation_to_compose_strings
   info - e2e\e2e_messaging_test.dart:152:22 - Use interpolation to compose strings and values. Try using string interpolation to build the composite string. - prefer_interpolation_to_compose_strings
   info - e2e\e2e_messaging_test.dart:157:22 - Use interpolation to compose strings and values. Try using string interpolation to build the composite string. - prefer_interpolation_to_compose_strings
   info - e2e\e2e_messaging_test.dart:402:7 - Uses 'await' on an instance of 'Stream<List<Message>>', which is not a subtype of 'Future'. Try removing the 'await' or changing the expression. - await_only_futures
   info - features\social\presentation\feed_screen_test.dart:2:5 - An uninitialized variable should have an explicit type annotation. Try adding a type annotation. - prefer_typing_uninitialized_variables
   info - features\social\presentation\feed_screen_test.dart:2:5 - Missing type annotation. Try replacing 'var' with a type annotation. - strict_top_level_inference
   info - features\social\presentation\feed_screen_test.dart:3:5 - An uninitialized variable should have an explicit type annotation. Try adding a type annotation. - prefer_typing_uninitialized_variables
   info - features\social\presentation\feed_screen_test.dart:3:5 - Missing type annotation. Try replacing 'var' with a type annotation. - strict_top_level_inference
   info - features\social\presentation\feed_screen_test.dart:4:5 - An uninitialized variable should have an explicit type annotation. Try adding a type annotation. - prefer_typing_uninitialized_variables
   info - features\social\presentation\feed_screen_test.dart:4:5 - Missing type annotation. Try replacing 'var' with a type annotation. - strict_top_level_inference
   info - features\social\presentation\feed_screen_test.dart:5:5 - An uninitialized variable should have an explicit type annotation. Try adding a type annotation. - prefer_typing_uninitialized_variables
   info - features\social\presentation\feed_screen_test.dart:5:5 - Missing type annotation. Try replacing 'var' with a type annotation. - strict_top_level_inference
   info - integration\messaging_integration_test.dart:78:11 - Uses 'await' on an instance of 'Stream<List<Message>>', which is not a subtype of 'Future'. Try removing the 'await' or changing the expression. - await_only_futures
   info - integration\messaging_integration_test.dart:98:24 - Uses 'await' on an instance of 'Stream<List<Message>>', which is not a subtype of 'Future'. Try removing the 'await' or changing the expression. - await_only_futures
   info - integration\messaging_integration_test.dart:328:24 - Uses 'await' on an instance of 'Stream<List<Message>>', which is not a subtype of 'Future'. Try removing the 'await' or changing the expression. - await_only_futures
   info - integration\profile_integration_test.dart:352:32 - Unnecessary braces in a string interpolation. Try removing the braces. - unnecessary_brace_in_string_interps
   info - mocks.dart:1547:29 - Missing type annotation. Try adding a type annotation. - strict_top_level_inference
   info - mocks.dart:1547:38 - Missing type annotation. Try adding a type annotation. - strict_top_level_inference
   info - mocks.dart:1547:38 - The variable name 'encryption_service' isn't a lowerCamelCase identifier. Try changing the name to follow the lowerCamelCase style. - non_constant_identifier_names
   info - mocks.dart:1547:57 - Missing type annotation. Try adding a type annotation. - strict_top_level_inference
   info - mocks.dart:1547:57 - The variable name 'EncryptionService' isn't a lowerCamelCase identifier. Try changing the name to follow the lowerCamelCase style. - non_constant_identifier_names
   info - mocks.dart:1548:11 - The local variable '_encryptResult' starts with an underscore. Try renaming the variable to not start with an underscore. - no_leading_underscores_for_local_identifiers
   info - mocks.dart:1549:11 - The local variable '_decryptResult' starts with an underscore. Try renaming the variable to not start with an underscore. - no_leading_underscores_for_local_identifiers
   info - mocks.dart:1550:14 - The local variable '_encryptException' starts with an underscore. Try renaming the variable to not start with an underscore. - no_leading_underscores_for_local_identifiers
   info - mocks.dart:1551:14 - The local variable '_decryptException' starts with an underscore. Try renaming the variable to not start with an underscore. - no_leading_underscores_for_local_identifiers
   info - mocks.dart:1553:7 - The local variable '_decryptIndex' starts with an underscore. Try renaming the variable to not start with an underscore. - no_leading_underscores_for_local_identifiers
   info - services\news_offline_test.dart:19:5 - An uninitialized variable should have an explicit type annotation. Try adding a type annotation. - prefer_typing_uninitialized_variables
   info - services\news_offline_test.dart:19:5 - Missing type annotation. Try replacing 'var' with a type annotation. - strict_top_level_inference

843 issues found.
